Archive member included because of file (symbol)

C:\Users\Thiago\sourceCodes1\arduino_core\328P_16MHz\libarduino_core.a(malloc.o)
                              ./main.o (malloc)
C:\Users\Thiago\sourceCodes1\arduino_core\328P_16MHz\libarduino_core.a(HardwareSerial.o)
                              ./main.o (HardwareSerial::begin(unsigned long))
C:\Users\Thiago\sourceCodes1\arduino_core\328P_16MHz\libarduino_core.a(Print.o)
                              ./Wire.o (Print::write(unsigned char const*, unsigned int))
C:\Users\Thiago\sourceCodes1\arduino_core\328P_16MHz\libarduino_core.a(new.o)
                              ./Wire.o (__cxa_pure_virtual)
C:\Users\Thiago\sourceCodes1\arduino_core\328P_16MHz\libarduino_core.a(wiring.o)
                              ./Time.o (millis)
C:\Users\Thiago\sourceCodes1\arduino_core\328P_16MHz\libarduino_core.a(wiring_digital.o)
                              ./twi.o (digitalWrite)
c:/winavr-20100110/bin/../lib/gcc/avr/4.3.3/avr5\libgcc.a(_mulsi3.o)
                              ./Time.o (__mulsi3)
c:/winavr-20100110/bin/../lib/gcc/avr/4.3.3/avr5\libgcc.a(_udivmodqi4.o)
                              ./DS1307RTC.o (__udivmodqi4)
c:/winavr-20100110/bin/../lib/gcc/avr/4.3.3/avr5\libgcc.a(_divmodhi4.o)
                              ./Time.o (__divmodhi4)
c:/winavr-20100110/bin/../lib/gcc/avr/4.3.3/avr5\libgcc.a(_udivmodsi4.o)
                              ./Time.o (__udivmodsi4)
c:/winavr-20100110/bin/../lib/gcc/avr/4.3.3/avr5\libgcc.a(_exit.o)
                              c:/winavr-20100110/bin/../lib/gcc/avr/4.3.3/../../../../avr/lib/avr5/crtm328p.o (exit)
c:/winavr-20100110/bin/../lib/gcc/avr/4.3.3/avr5\libgcc.a(_copy_data.o)
                              ./Time.o (__do_copy_data)
c:/winavr-20100110/bin/../lib/gcc/avr/4.3.3/avr5\libgcc.a(_clear_bss.o)
                              ./DS1307RTC.o (__do_clear_bss)
c:/winavr-20100110/bin/../lib/gcc/avr/4.3.3/avr5\libgcc.a(_ctors.o)
                              ./DS1307RTC.o (__do_global_ctors)
c:/winavr-20100110/bin/../lib/gcc/avr/4.3.3/avr5\libgcc.a(_fixunssfsi.o)
                              C:\Users\Thiago\sourceCodes1\arduino_core\328P_16MHz\libarduino_core.a(Print.o) (__fixunssfsi)
c:/winavr-20100110/bin/../lib/gcc/avr/4.3.3/avr5\libgcc.a(_addsub_sf.o)
                              ./main.o (__subsf3)
c:/winavr-20100110/bin/../lib/gcc/avr/4.3.3/avr5\libgcc.a(_mul_sf.o)
                              ./main.o (__mulsf3)
c:/winavr-20100110/bin/../lib/gcc/avr/4.3.3/avr5\libgcc.a(_div_sf.o)
                              ./main.o (__divsf3)
c:/winavr-20100110/bin/../lib/gcc/avr/4.3.3/avr5\libgcc.a(_gt_sf.o)
                              ./main.o (__gtsf2)
c:/winavr-20100110/bin/../lib/gcc/avr/4.3.3/avr5\libgcc.a(_ge_sf.o)
                              c:/winavr-20100110/bin/../lib/gcc/avr/4.3.3/avr5\libgcc.a(_fixunssfsi.o) (__gesf2)
c:/winavr-20100110/bin/../lib/gcc/avr/4.3.3/avr5\libgcc.a(_lt_sf.o)
                              ./main.o (__ltsf2)
c:/winavr-20100110/bin/../lib/gcc/avr/4.3.3/avr5\libgcc.a(_le_sf.o)
                              C:\Users\Thiago\sourceCodes1\arduino_core\328P_16MHz\libarduino_core.a(Print.o) (__lesf2)
c:/winavr-20100110/bin/../lib/gcc/avr/4.3.3/avr5\libgcc.a(_unord_sf.o)
                              C:\Users\Thiago\sourceCodes1\arduino_core\328P_16MHz\libarduino_core.a(Print.o) (__unordsf2)
c:/winavr-20100110/bin/../lib/gcc/avr/4.3.3/avr5\libgcc.a(_si_to_sf.o)
                              ./main.o (__floatsisf)
c:/winavr-20100110/bin/../lib/gcc/avr/4.3.3/avr5\libgcc.a(_sf_to_si.o)
                              ./main.o (__fixsfsi)
c:/winavr-20100110/bin/../lib/gcc/avr/4.3.3/avr5\libgcc.a(_thenan_sf.o)
                              c:/winavr-20100110/bin/../lib/gcc/avr/4.3.3/avr5\libgcc.a(_addsub_sf.o) (__thenan_sf)
c:/winavr-20100110/bin/../lib/gcc/avr/4.3.3/avr5\libgcc.a(_usi_to_sf.o)
                              C:\Users\Thiago\sourceCodes1\arduino_core\328P_16MHz\libarduino_core.a(Print.o) (__floatunsisf)
c:/winavr-20100110/bin/../lib/gcc/avr/4.3.3/avr5\libgcc.a(_udivmodhi4.o)
                              c:/winavr-20100110/bin/../lib/gcc/avr/4.3.3/avr5\libgcc.a(_divmodhi4.o) (__udivmodhi4)
c:/winavr-20100110/bin/../lib/gcc/avr/4.3.3/avr5\libgcc.a(_prologue.o)
                              c:/winavr-20100110/bin/../lib/gcc/avr/4.3.3/avr5\libgcc.a(_addsub_sf.o) (__prologue_saves__)
c:/winavr-20100110/bin/../lib/gcc/avr/4.3.3/avr5\libgcc.a(_epilogue.o)
                              c:/winavr-20100110/bin/../lib/gcc/avr/4.3.3/avr5\libgcc.a(_addsub_sf.o) (__epilogue_restores__)
c:/winavr-20100110/bin/../lib/gcc/avr/4.3.3/avr5\libgcc.a(_tablejump.o)
                              c:/winavr-20100110/bin/../lib/gcc/avr/4.3.3/avr5\libgcc.a(_ctors.o) (__tablejump__)
c:/winavr-20100110/bin/../lib/gcc/avr/4.3.3/avr5\libgcc.a(_clzsi2.o)
                              c:/winavr-20100110/bin/../lib/gcc/avr/4.3.3/avr5\libgcc.a(_si_to_sf.o) (__clzsi2)
[...]
Memory Configuration

Name             Origin             Length             Attributes
text             0x00000000         0x00020000         xr
data             0x00800060         0x0000ffa0         rw !x
eeprom           0x00810000         0x00010000         rw !x
fuse             0x00820000         0x00000400         rw !x
lock             0x00830000         0x00000400         rw !x
signature        0x00840000         0x00000400         rw !x
*default*        0x00000000         0xffffffff

Linker script and memory map

Address of section .data set to 0x800100
LOAD c:/winavr-20100110/bin/../lib/gcc/avr/4.3.3/../../../../avr/lib/avr5/crtm328p.o
LOAD ./DS1307RTC.o
LOAD ./MemoryFree.o
LOAD ./Time.o
LOAD ./Wire.o
LOAD ./main.o
LOAD ./twi.o
LOAD C:\Users\Thiago\sourceCodes1\arduino_core\328P_16MHz\libarduino_core.a
LOAD c:/winavr-20100110/bin/../lib/gcc/avr/4.3.3/avr5\libgcc.a
LOAD c:/winavr-20100110/bin/../lib/gcc/avr/4.3.3/../../../../avr/lib/avr5\libm.a
LOAD c:/winavr-20100110/bin/../lib/gcc/avr/4.3.3/avr5\libgcc.a
LOAD c:/winavr-20100110/bin/../lib/gcc/avr/4.3.3/../../../../avr/lib/avr5\libc.a
LOAD c:/winavr-20100110/bin/../lib/gcc/avr/4.3.3/avr5\libgcc.a

.hash
 *(.hash)

.dynsym
 *(.dynsym)

.dynstr
 *(.dynstr)

.gnu.version
 *(.gnu.version)

.gnu.version_d
 *(.gnu.version_d)

.gnu.version_r
 *(.gnu.version_r)

.rel.init
 *(.rel.init)

.rela.init
 *(.rela.init)

.rel.text
 *(.rel.text)
 *(.rel.text.*)
 *(.rel.gnu.linkonce.t*)

.rela.text
 *(.rela.text)
 *(.rela.text.*)
 *(.rela.gnu.linkonce.t*)

.rel.fini
 *(.rel.fini)

.rela.fini
 *(.rela.fini)

.rel.rodata
 *(.rel.rodata)
 *(.rel.rodata.*)
 *(.rel.gnu.linkonce.r*)

.rela.rodata
 *(.rela.rodata)
 *(.rela.rodata.*)
 *(.rela.gnu.linkonce.r*)

.rel.data
 *(.rel.data)
 *(.rel.data.*)
 *(.rel.gnu.linkonce.d*)

.rela.data
 *(.rela.data)
 *(.rela.data.*)
 *(.rela.gnu.linkonce.d*)

.rel.ctors
 *(.rel.ctors)

.rela.ctors
 *(.rela.ctors)

.rel.dtors
 *(.rel.dtors)

.rela.dtors
 *(.rela.dtors)

.rel.got
 *(.rel.got)

.rela.got
 *(.rela.got)

.rel.bss
 *(.rel.bss)

.rela.bss
 *(.rela.bss)

.rel.plt
 *(.rel.plt)

.rela.plt
 *(.rela.plt)

.text           0x00000000     0x4d9a
 *(.vectors)
 .vectors       0x00000000       0x68 c:/winavr-20100110/bin/../lib/gcc/avr/4.3.3/../../../../avr/lib/avr5/crtm328p.o
                0x00000000                __vectors
                0x00000000                __vector_default
 *(.vectors)
 *(.progmem.gcc*)
 .progmem.gcc_sw_table
                0x00000068       0x3e ./main.o
 *(.progmem*)
 .progmem.data  0x000000a6       0x5a C:\Users\Thiago\sourceCodes1\arduino_core\328P_16MHz\libarduino_core.a(wiring_digital.o)
                0x000000a6                port_to_mode_PGM
                0x000000c4                digital_pin_to_port_PGM
                0x000000d8                digital_pin_to_bit_mask_PGM
                0x000000b0                port_to_output_PGM
                0x000000ba                port_to_input_PGM
                0x000000ec                digital_pin_to_timer_PGM
                0x00000100                . = ALIGN (0x2)
                0x00000100                __trampolines_start = .
 *(.trampolines)
 .trampolines   0x00000100        0x0 linker stubs
 *(.trampolines*)
                0x00000100                __trampolines_end = .
 *(.jumptables)
 *(.jumptables*)
 *(.lowtext)
 *(.lowtext*)
                0x00000100                __ctors_start = .
 *(.ctors)
 .ctors         0x00000100        0x2 ./DS1307RTC.o
 .ctors         0x00000102        0x2 ./Wire.o
 .ctors         0x00000104        0x2 C:\Users\Thiago\sourceCodes1\arduino_core\328P_16MHz\libarduino_core.a(HardwareSerial.o)
                0x00000106                __ctors_end = .
                0x00000106                __dtors_start = .
 *(.dtors)
                0x00000106                __dtors_end = .
 SORT(*)(.ctors)
 SORT(*)(.dtors)
 *(.init0)
 .init0         0x00000106        0x0 c:/winavr-20100110/bin/../lib/gcc/avr/4.3.3/../../../../avr/lib/avr5/crtm328p.o
                0x00000106                __init
 *(.init0)
 *(.init1)
 *(.init1)
 *(.init2)
 .init2         0x00000106        0xc c:/winavr-20100110/bin/../lib/gcc/avr/4.3.3/../../../../avr/lib/avr5/crtm328p.o
 *(.init2)
 *(.init3)
 *(.init3)
 *(.init4)
 .init4         0x00000112       0x16 c:/winavr-20100110/bin/../lib/gcc/avr/4.3.3/avr5\libgcc.a(_copy_data.o)
                0x00000112                __do_copy_data
 .init4         0x00000128       0x10 c:/winavr-20100110/bin/../lib/gcc/avr/4.3.3/avr5\libgcc.a(_clear_bss.o)
                0x00000128                __do_clear_bss
 *(.init4)
 *(.init5)
 *(.init5)
 *(.init6)
 .init6         0x00000138       0x16 c:/winavr-20100110/bin/../lib/gcc/avr/4.3.3/avr5\libgcc.a(_ctors.o)
                0x00000138                __do_global_ctors
 *(.init6)
 *(.init7)
 *(.init7)
 *(.init8)
 *(.init8)
 *(.init9)
 .init9         0x0000014e        0x8 c:/winavr-20100110/bin/../lib/gcc/avr/4.3.3/../../../../avr/lib/avr5/crtm328p.o
 *(.init9)
 *(.text)
 .text          0x00000156        0x2 c:/winavr-20100110/bin/../lib/gcc/avr/4.3.3/../../../../avr/lib/avr5/crtm328p.o
                0x00000156                __vector_22
                0x00000156                __vector_1
                0x00000156                __vector_12
                0x00000156                __bad_interrupt
                0x00000156                __vector_6
                0x00000156                __vector_3
                0x00000156                __vector_23
                0x00000156                __vector_25
                0x00000156                __vector_13
                0x00000156                __vector_17
                0x00000156                __vector_7
                0x00000156                __vector_5
                0x00000156                __vector_4
                0x00000156                __vector_9
                0x00000156                __vector_2
                0x00000156                __vector_21
                0x00000156                __vector_15
                0x00000156                __vector_8
                0x00000156                __vector_14
                0x00000156                __vector_10
                0x00000156                __vector_20
 .text          0x00000158       0x50 c:/winavr-20100110/bin/../lib/gcc/avr/4.3.3/avr5\libgcc.a(_fixunssfsi.o)
                0x00000158                __fixunssfsi
 .text          0x000001a8      0x344 c:/winavr-20100110/bin/../lib/gcc/avr/4.3.3/avr5\libgcc.a(_addsub_sf.o)
                0x00000440                __subsf3
                0x0000049a                __addsf3
 .text          0x000004ec      0x1ee c:/winavr-20100110/bin/../lib/gcc/avr/4.3.3/avr5\libgcc.a(_mul_sf.o)
                0x000004ec                __mulsf3
 .text          0x000006da      0x152 c:/winavr-20100110/bin/../lib/gcc/avr/4.3.3/avr5\libgcc.a(_div_sf.o)
                0x000006da                __divsf3
 .text          0x0000082c       0x5a c:/winavr-20100110/bin/../lib/gcc/avr/4.3.3/avr5\libgcc.a(_gt_sf.o)
                0x0000082c                __gtsf2
 .text          0x00000886       0x5a c:/winavr-20100110/bin/../lib/gcc/avr/4.3.3/avr5\libgcc.a(_ge_sf.o)
                0x00000886                __gesf2
 .text          0x000008e0       0x5a c:/winavr-20100110/bin/../lib/gcc/avr/4.3.3/avr5\libgcc.a(_lt_sf.o)
                0x000008e0                __ltsf2
 .text          0x0000093a       0x5a c:/winavr-20100110/bin/../lib/gcc/avr/4.3.3/avr5\libgcc.a(_le_sf.o)
                0x0000093a                __lesf2
 .text          0x00000994       0x52 c:/winavr-20100110/bin/../lib/gcc/avr/4.3.3/avr5\libgcc.a(_unord_sf.o)
                0x00000994                __unordsf2
 .text          0x000009e6       0xb8 c:/winavr-20100110/bin/../lib/gcc/avr/4.3.3/avr5\libgcc.a(_si_to_sf.o)
                0x000009e6                __floatsisf
 .text          0x00000a9e       0xa6 c:/winavr-20100110/bin/../lib/gcc/avr/4.3.3/avr5\libgcc.a(_sf_to_si.o)
                0x00000a9e                __fixsfsi
 .text          0x00000b44       0xee c:/winavr-20100110/bin/../lib/gcc/avr/4.3.3/avr5\libgcc.a(_usi_to_sf.o)
                0x00000b44                __floatunsisf
 .text          0x00000c32       0x9e c:/winavr-20100110/bin/../lib/gcc/avr/4.3.3/avr5\libgcc.a(_clzsi2.o)
                0x00000c32                __clzsi2
 .text          0x00000cd0      0x1aa c:/winavr-20100110/bin/../lib/gcc/avr/4.3.3/avr5\libgcc.a(_pack_sf.o)
                0x00000cd0                __pack_f
 .text          0x00000e7a       0xf0 c:/winavr-20100110/bin/../lib/gcc/avr/4.3.3/avr5\libgcc.a(_unpack_sf.o)
                0x00000e7a                __unpack_f
 .text          0x00000f6a       0xb2 c:/winavr-20100110/bin/../lib/gcc/avr/4.3.3/avr5\libgcc.a(_fpcmp_parts_sf.o)
                0x00000f6a                __fpcmp_parts_f
                0x0000101c                . = ALIGN (0x2)
 *(.text.*)
 .text._ZN9DS1307RTC7dec2bcdEh
                0x0000101c       0x22 ./DS1307RTC.o
                0x0000101c                DS1307RTC::dec2bcd(unsigned char)
 .text._ZN9DS1307RTC7bcd2decEh
                0x0000103e       0x14 ./DS1307RTC.o
                0x0000103e                DS1307RTC::bcd2dec(unsigned char)
 .text._ZN9DS1307RTC5writeER12tmElements_t
                0x00001052       0x9a ./DS1307RTC.o
                0x00001052                DS1307RTC::write(tmElements_t&)
 .text._ZN9DS1307RTC4readER12tmElements_t
                0x000010ec       0xac ./DS1307RTC.o
                0x000010ec                DS1307RTC::read(tmElements_t&)
 .text._GLOBAL__I__ZN9DS1307RTCC2Ev
                0x00001198        0x6 ./DS1307RTC.o
 .text._Z9breakTimemR12tmElements_t
                0x0000119e      0x204 ./Time.o
                0x0000119e                breakTime(unsigned long, tmElements_t&)
 .text._Z12refreshCachem
                0x000013a2       0x4a ./Time.o
                0x000013a2                refreshCache(unsigned long)
 .text._Z7setTimem
                0x000013ec       0x5a ./Time.o
                0x000013ec                setTime(unsigned long)
 .text._Z3nowv  0x00001446      0x11c ./Time.o
                0x00001446                now()
 .text._Z3dayv  0x00001562        0xc ./Time.o
                0x00001562                day()
 .text._Z6secondv
                0x0000156e        0xc ./Time.o
                0x0000156e                second()
 .text._Z6minutev
                0x0000157a        0xc ./Time.o
                0x0000157a                minute()
 .text._Z4hourv
                0x00001586        0xc ./Time.o
                0x00001586                hour()
 .text._ZN7TwoWire17beginTransmissionEi
                0x00001592       0x14 ./Wire.o
                0x00001592                TwoWire::beginTransmission(int)
 .text._ZN7TwoWire9availableEv
                0x000015a6       0x12 ./Wire.o
                0x000015a6                TwoWire::available()
 .text._ZN7TwoWire4readEv
                0x000015b8       0x2a ./Wire.o
                0x000015b8                TwoWire::read()
 .text._ZN7TwoWire4peekEv
                0x000015e2       0x22 ./Wire.o
                0x000015e2                TwoWire::peek()
 .text._ZN7TwoWire5flushEv
                0x00001604        0x2 ./Wire.o
                0x00001604                TwoWire::flush()
 .text._GLOBAL__I__ZN7TwoWire8rxBufferE
                0x00001606       0x2e ./Wire.o
 .text._ZN7TwoWire5writeEPKhj
                0x00001634       0x62 ./Wire.o
                0x00001634                TwoWire::write(unsigned char const*, unsigned int)
 .text._ZN7TwoWire5writeEh
                0x00001696       0x60 ./Wire.o
                0x00001696                TwoWire::write(unsigned char)
 .text._ZN7TwoWire15endTransmissionEh
                0x000016f6       0x26 ./Wire.o
                0x000016f6                TwoWire::endTransmission(unsigned char)
 .text._ZN7TwoWire15endTransmissionEv
                0x0000171c        0x4 ./Wire.o
                0x0000171c                TwoWire::endTransmission()
 .text._ZN7TwoWire11requestFromEhhh
                0x00001720       0x1a ./Wire.o
                0x00001720                TwoWire::requestFrom(unsigned char, unsigned char, unsigned char)
 .text._ZN7TwoWire11requestFromEii
                0x0000173a        0x4 ./Wire.o
                0x0000173a                TwoWire::requestFrom(int, int)
 .text._ZN7TwoWire5beginEv
                0x0000173e       0x14 ./Wire.o
                0x0000173e                TwoWire::begin()
 .text._Z11init_valvesv
                0x00001752        0xe ./main.o
                0x00001752                init_valves()
 .text._Z15init_contactorsv
                0x00001760        0xe ./main.o
                0x00001760                init_contactors()
 .text._Z8init_ADCv
                0x0000176e       0x56 ./main.o
                0x0000176e                init_ADC()
 .text._Z12get_Pressurev
                0x000017c4       0x78 ./main.o
                0x000017c4                get_Pressure()
 .text._Z10logMessagehh
                0x0000183c       0x60 ./main.o
                0x0000183c                logMessage(unsigned char, unsigned char)
 .text._Z11motor_startv
                0x0000189c       0x52 ./main.o
                0x0000189c                motor_start()
 .text._Z10motor_stopv
                0x000018ee        0xa ./main.o
                0x000018ee                motor_stop()
 .text._Z10valveInstrhh
                0x000018f8      0x152 ./main.o
                0x000018f8                valveInstr(unsigned char, unsigned char)
 .text._Z13periodVerify0v
                0x00001a4a       0x4c ./main.o
                0x00001a4a                periodVerify0()
 .text.__vector_11
                0x00001a96       0x66 ./main.o
                0x00001a96                __vector_11
 .text._Z11turnAll_OFFv
                0x00001afc       0x34 ./main.o
                0x00001afc                turnAll_OFF()
 .text._Z17refreshStoredDatav
                0x00001b30       0x2a ./main.o
                0x00001b30                refreshStoredData()
 .text._Z18refreshTimeSectorsv
                0x00001b5a       0x3e ./main.o
                0x00001b5a                refreshTimeSectors()
 .text._Z8calcIrmsv
                0x00001b98      0x230 ./main.o
                0x00001b98                calcIrms()
 .text._Z9valveTesth
                0x00001dc8      0x19a ./main.o
                0x00001dc8                valveTest(unsigned char)
 .text._Z17process_valveTestv
                0x00001f62       0x10 ./main.o
                0x00001f62                process_valveTest()
 .text._Z14valveInstrSafehh
                0x00001f72      0x210 ./main.o
                0x00001f72                valveInstrSafe(unsigned char, unsigned char)
 .text._Z13summary_Printh
                0x00002182      0x6a0 ./main.o
                0x00002182                summary_Print(unsigned char)
 .text._Z13handleMessagev
                0x00002822      0x4c4 ./main.o
                0x00002822                handleMessage()
 .text._Z5pSafev
                0x00002ce6       0x30 ./main.o
                0x00002ce6                pSafe()
 .text._Z14pipeBrokenSafev
                0x00002d16       0x36 ./main.o
                0x00002d16                pipeBrokenSafe()
 .text._Z11thermalSafev
                0x00002d4c       0x4e ./main.o
                0x00002d4c                thermalSafe()
 .text._Z15valveOpenVerifyv
                0x00002d9a      0x116 ./main.o
                0x00002d9a                valveOpenVerify()
 .text._Z16refreshVariablesv
                0x00002eb0       0x78 ./main.o
                0x00002eb0                refreshVariables()
 .text._Z15verifyNextValveh
                0x00002f28      0x1ea ./main.o
                0x00002f28                verifyNextValve(unsigned char)
 .text._Z15process_Workingv
                0x00003112       0xcc ./main.o
                0x00003112                process_Working()
 .text._Z18process_Programmedv
                0x000031de       0x5e ./main.o
                0x000031de                process_Programmed()
 .text._Z12process_Modev
                0x0000323c       0x16 ./main.o
                0x0000323c                process_Mode()
 .text._Z14comm_Bluetoothv
                0x00003252      0x12a ./main.o
                0x00003252                comm_Bluetooth()
 .text.main     0x0000337c       0x9a ./main.o
                0x0000337c                main
 .text.twi_readFrom
                0x00003416       0x92 ./twi.o
                0x00003416                twi_readFrom
 .text.twi_writeTo
                0x000034a8       0xaa ./twi.o
                0x000034a8                twi_writeTo
 .text.twi_transmit
                0x00003552       0x36 ./twi.o
                0x00003552                twi_transmit
 .text.__vector_24
                0x00003588      0x322 ./twi.o
                0x00003588                __vector_24
 .text.twi_init
                0x000038aa       0x38 ./twi.o
                0x000038aa                twi_init
 .text.avr-libc
                0x000038e2      0x26a C:\Users\Thiago\sourceCodes1\arduino_core\328P_16MHz\libarduino_core.a(malloc.o)
                0x000038e2                malloc
                0x00003a1c                free
 .text.__vector_18
                0x00003b4c       0x76 C:\Users\Thiago\sourceCodes1\arduino_core\328P_16MHz\libarduino_core.a(HardwareSerial.o)
                0x00003b4c                __vector_18
 .text.__vector_19
                0x00003bc2       0x76 C:\Users\Thiago\sourceCodes1\arduino_core\328P_16MHz\libarduino_core.a(HardwareSerial.o)
                0x00003bc2                __vector_19
 .text._ZN14HardwareSerial5beginEm
                0x00003c38      0x10c C:\Users\Thiago\sourceCodes1\arduino_core\328P_16MHz\libarduino_core.a(HardwareSerial.o)
                0x00003c38                HardwareSerial::begin(unsigned long)
 .text._ZN14HardwareSerial9availableEv
                0x00003d44       0x24 C:\Users\Thiago\sourceCodes1\arduino_core\328P_16MHz\libarduino_core.a(HardwareSerial.o)
                0x00003d44                HardwareSerial::available()
 .text._ZN14HardwareSerial4peekEv
                0x00003d68       0x40 C:\Users\Thiago\sourceCodes1\arduino_core\328P_16MHz\libarduino_core.a(HardwareSerial.o)
                0x00003d68                HardwareSerial::peek()
 .text._ZN14HardwareSerial4readEv
                0x00003da8       0x52 C:\Users\Thiago\sourceCodes1\arduino_core\328P_16MHz\libarduino_core.a(HardwareSerial.o)
                0x00003da8                HardwareSerial::read()
 .text._ZN14HardwareSerial5flushEv
                0x00003dfa       0x20 C:\Users\Thiago\sourceCodes1\arduino_core\328P_16MHz\libarduino_core.a(HardwareSerial.o)
                0x00003dfa                HardwareSerial::flush()
 .text._ZN14HardwareSerial5writeEh
                0x00003e1a       0x80 C:\Users\Thiago\sourceCodes1\arduino_core\328P_16MHz\libarduino_core.a(HardwareSerial.o)
                0x00003e1a                HardwareSerial::write(unsigned char)
 .text._GLOBAL__I_rx_buffer
                0x00003e9a       0xac C:\Users\Thiago\sourceCodes1\arduino_core\328P_16MHz\libarduino_core.a(HardwareSerial.o)
 .text._ZN5Print5writeEPKhj
                0x00003f46       0x54 C:\Users\Thiago\sourceCodes1\arduino_core\328P_16MHz\libarduino_core.a(Print.o)
                0x00003f46                Print::write(unsigned char const*, unsigned int)
 .text._ZN5Print7printlnEv
                0x00003f9a       0x40 C:\Users\Thiago\sourceCodes1\arduino_core\328P_16MHz\libarduino_core.a(Print.o)
                0x00003f9a                Print::println()
 .text._ZN5Print5writeEPKc
                0x00003fda       0x38 C:\Users\Thiago\sourceCodes1\arduino_core\328P_16MHz\libarduino_core.a(Print.o)
                0x00003fda                Print::write(char const*)
 .text._ZN5Print11printNumberEmh
                0x00004012       0xc2 C:\Users\Thiago\sourceCodes1\arduino_core\328P_16MHz\libarduino_core.a(Print.o)
                0x00004012                Print::printNumber(unsigned long, unsigned char)
 .text._ZN5Print5printEmi
                0x000040d4       0x1a C:\Users\Thiago\sourceCodes1\arduino_core\328P_16MHz\libarduino_core.a(Print.o)
                0x000040d4                Print::print(unsigned long, int)
 .text._ZN5Print5printEli
                0x000040ee       0x7c C:\Users\Thiago\sourceCodes1\arduino_core\328P_16MHz\libarduino_core.a(Print.o)
                0x000040ee                Print::print(long, int)
 .text._ZN5Print5printEii
                0x0000416a       0x24 C:\Users\Thiago\sourceCodes1\arduino_core\328P_16MHz\libarduino_core.a(Print.o)
                0x0000416a                Print::print(int, int)
 .text._ZN5Print7printlnEii
                0x0000418e       0x3a C:\Users\Thiago\sourceCodes1\arduino_core\328P_16MHz\libarduino_core.a(Print.o)
                0x0000418e                Print::println(int, int)
 .text._ZN5Print5printEPKc
                0x000041c8        0x4 C:\Users\Thiago\sourceCodes1\arduino_core\328P_16MHz\libarduino_core.a(Print.o)
                0x000041c8                Print::print(char const*)
 .text._ZN5Print10printFloatEdh
                0x000041cc      0x1c0 C:\Users\Thiago\sourceCodes1\arduino_core\328P_16MHz\libarduino_core.a(Print.o)
                0x000041cc                Print::printFloat(double, unsigned char)
 .text._ZN5Print5printEdi
                0x0000438c        0x4 C:\Users\Thiago\sourceCodes1\arduino_core\328P_16MHz\libarduino_core.a(Print.o)
                0x0000438c                Print::print(double, int)
 .text._ZN5Print7printlnEPKc
                0x00004390       0x22 C:\Users\Thiago\sourceCodes1\arduino_core\328P_16MHz\libarduino_core.a(Print.o)
                0x00004390                Print::println(char const*)
 .text.__vector_16
                0x000043b2       0x90 C:\Users\Thiago\sourceCodes1\arduino_core\328P_16MHz\libarduino_core.a(wiring.o)
                0x000043b2                __vector_16
 .text.millis   0x00004442       0x1c C:\Users\Thiago\sourceCodes1\arduino_core\328P_16MHz\libarduino_core.a(wiring.o)
                0x00004442                millis
 .text.init     0x0000445e       0x76 C:\Users\Thiago\sourceCodes1\arduino_core\328P_16MHz\libarduino_core.a(wiring.o)
                0x0000445e                init
 .text.turnOffPWM
                0x000044d4       0x5a C:\Users\Thiago\sourceCodes1\arduino_core\328P_16MHz\libarduino_core.a(wiring_digital.o)
 .text.digitalWrite
                0x0000452e       0x64 C:\Users\Thiago\sourceCodes1\arduino_core\328P_16MHz\libarduino_core.a(wiring_digital.o)
                0x0000452e                digitalWrite
 .text.libgcc   0x00004592       0x3e c:/winavr-20100110/bin/../lib/gcc/avr/4.3.3/avr5\libgcc.a(_mulsi3.o)
                0x00004592                __mulsi3
 .text.libgcc   0x000045d0       0x18 c:/winavr-20100110/bin/../lib/gcc/avr/4.3.3/avr5\libgcc.a(_udivmodqi4.o)
                0x000045d0                __udivmodqi4
 .text.libgcc   0x000045e8       0x26 c:/winavr-20100110/bin/../lib/gcc/avr/4.3.3/avr5\libgcc.a(_divmodhi4.o)
                0x000045e8                __divmodhi4
                0x000045e8                _div
 .text.libgcc   0x0000460e       0x44 c:/winavr-20100110/bin/../lib/gcc/avr/4.3.3/avr5\libgcc.a(_udivmodsi4.o)
                0x0000460e                __udivmodsi4
 .text.libgcc   0x00004652       0x28 c:/winavr-20100110/bin/../lib/gcc/avr/4.3.3/avr5\libgcc.a(_udivmodhi4.o)
                0x00004652                __udivmodhi4
 .text.libgcc   0x0000467a       0x38 c:/winavr-20100110/bin/../lib/gcc/avr/4.3.3/avr5\libgcc.a(_prologue.o)
                0x0000467a                __prologue_saves__
 .text.libgcc   0x000046b2       0x36 c:/winavr-20100110/bin/../lib/gcc/avr/4.3.3/avr5\libgcc.a(_epilogue.o)
                0x000046b2                __epilogue_restores__
 .text.libgcc   0x000046e8        0xc c:/winavr-20100110/bin/../lib/gcc/avr/4.3.3/avr5\libgcc.a(_tablejump.o)
                0x000046ec                __tablejump__
                0x000046e8                __tablejump2__
 .text.avr-libc.fplib
                0x000046f4       0x84 c:/winavr-20100110/bin/../lib/gcc/avr/4.3.3/../../../../avr/lib/avr5\libm.a(sqrt.o)
                0x000046fc                sqrt
 .text.avr-libc.fplib
                0x00004778       0x1c c:/winavr-20100110/bin/../lib/gcc/avr/4.3.3/../../../../avr/lib/avr5\libm.a(fp_mpack.o)
                0x0000477c                __fp_mpack_finite
                0x00004778                __fp_mpack
 .text.avr-libc.fplib
                0x00004794        0x6 c:/winavr-20100110/bin/../lib/gcc/avr/4.3.3/../../../../avr/lib/avr5\libm.a(fp_nan.o)
                0x00004794                __fp_nan
 .text.avr-libc.fplib
                0x0000479a        0xe c:/winavr-20100110/bin/../lib/gcc/avr/4.3.3/../../../../avr/lib/avr5\libm.a(fp_norm2.o)
                0x0000479a                __fp_norm2
 .text.avr-libc.fplib
                0x000047a8       0x44 c:/winavr-20100110/bin/../lib/gcc/avr/4.3.3/../../../../avr/lib/avr5\libm.a(fp_split3.o)
                0x000047a8                __fp_split3
                0x000047b8                __fp_splitA
 .text.avr-libc
                0x000047ec       0x3a c:/winavr-20100110/bin/../lib/gcc/avr/4.3.3/../../../../avr/lib/avr5\libc.a(atoi.o)
                0x000047ec                atoi
 .text.avr-libc
                0x00004826       0x16 c:/winavr-20100110/bin/../lib/gcc/avr/4.3.3/../../../../avr/lib/avr5\libc.a(strchr.o)
                0x00004826                strchr
 .text.avr-libc
                0x0000483c       0x10 c:/winavr-20100110/bin/../lib/gcc/avr/4.3.3/../../../../avr/lib/avr5\libc.a(mul10.o)
                0x0000483c                __mulhi_const_10
 .text.avr-libc
                0x0000484c       0x42 c:/winavr-20100110/bin/../lib/gcc/avr/4.3.3/../../../../avr/lib/avr5\libc.a(sprintf.o)
                0x0000484c                sprintf
 .text.avr-libc
                0x0000488e      0x39c c:/winavr-20100110/bin/../lib/gcc/avr/4.3.3/../../../../avr/lib/avr5\libc.a(vfprintf_std.o)
                0x0000488e                vfprintf
 .text.avr-libc
                0x00004c2a       0x10 c:/winavr-20100110/bin/../lib/gcc/avr/4.3.3/../../../../avr/lib/avr5\libc.a(eerd_byte_atmega328p.o)
                0x00004c2a                __eerd_byte_m328p
 .text.avr-libc
                0x00004c3a       0x1c c:/winavr-20100110/bin/../lib/gcc/avr/4.3.3/../../../../avr/lib/avr5\libc.a(eewr_byte_atmega328p.o)
                0x00004c3a                __eewr_byte_m328p
                0x00004c3c                __eewr_r18_m328p
 .text.avr-libc
                0x00004c56       0x16 c:/winavr-20100110/bin/../lib/gcc/avr/4.3.3/../../../../avr/lib/avr5\libc.a(strnlen_P.o)
                0x00004c56                strnlen_P
 .text.avr-libc
                0x00004c6c       0x16 c:/winavr-20100110/bin/../lib/gcc/avr/4.3.3/../../../../avr/lib/avr5\libc.a(strnlen.o)
                0x00004c6c                strnlen
 .text.avr-libc
                0x00004c82       0x58 c:/winavr-20100110/bin/../lib/gcc/avr/4.3.3/../../../../avr/lib/avr5\libc.a(fputc.o)
                0x00004c82                fputc
 .text.avr-libc
                0x00004cda       0xbc c:/winavr-20100110/bin/../lib/gcc/avr/4.3.3/../../../../avr/lib/avr5\libc.a(ultoa_invert.o)
                0x00004cda                __ultoa_invert
                0x00004d96                . = ALIGN (0x2)
 *(.fini9)
 .fini9         0x00004d96        0x0 c:/winavr-20100110/bin/../lib/gcc/avr/4.3.3/avr5\libgcc.a(_exit.o)
                0x00004d96                exit
                0x00004d96                _exit
 *(.fini9)
 *(.fini8)
 *(.fini8)
 *(.fini7)
 *(.fini7)
 *(.fini6)
 *(.fini6)
 *(.fini5)
 *(.fini5)
 *(.fini4)
 *(.fini4)
 *(.fini3)
 *(.fini3)
 *(.fini2)
 *(.fini2)
 *(.fini1)
 *(.fini1)
 *(.fini0)
 .fini0         0x00004d96        0x4 c:/winavr-20100110/bin/../lib/gcc/avr/4.3.3/avr5\libgcc.a(_exit.o)
 *(.fini0)
                0x00004d9a                _etext = .

.data           0x00800100      0x214 load address 0x00004d9a
                0x00800100                PROVIDE (__data_start, .)
 *(.data)
 .data          0x00800100       0xc2 ./main.o
 .data          0x008001c2        0xe C:\Users\Thiago\sourceCodes1\arduino_core\328P_16MHz\libarduino_core.a(Print.o)
 .data          0x008001d0        0x8 c:/winavr-20100110/bin/../lib/gcc/avr/4.3.3/avr5\libgcc.a(_thenan_sf.o)
                0x008001d0                __thenan_sf
 .data          0x008001d8      0x100 c:/winavr-20100110/bin/../lib/gcc/avr/4.3.3/avr5\libgcc.a(_clz.o)
                0x008001d8                __clz_tab
 *(.data*)
 .data._ZL12syncInterval
                0x008002d8        0x4 ./Time.o
 .data.count_timePipeB
                0x008002dc        0x1 ./main.o
                0x008002dc                count_timePipeB
 .data.timeSectorSet
                0x008002dd        0x2 ./main.o
                0x008002dd                timeSectorSet
 .data.flag_sector
                0x008002df        0x1 ./main.o
                0x008002df                flag_sector
 .data.flag_30s
                0x008002e0        0x1 ./main.o
                0x008002e0                flag_30s
 .data.__malloc_margin
                0x008002e1        0x2 C:\Users\Thiago\sourceCodes1\arduino_core\328P_16MHz\libarduino_core.a(malloc.o)
                0x008002e1                __malloc_margin
 .data.__malloc_heap_start
                0x008002e3        0x2 C:\Users\Thiago\sourceCodes1\arduino_core\328P_16MHz\libarduino_core.a(malloc.o)
                0x008002e3                __malloc_heap_start
 .data.__malloc_heap_end
                0x008002e5        0x2 C:\Users\Thiago\sourceCodes1\arduino_core\328P_16MHz\libarduino_core.a(malloc.o)
                0x008002e5                __malloc_heap_end
 *(.rodata)
 *(.rodata*)
 .rodata._ZL9monthDays
                0x008002e7        0xc ./Time.o
 .rodata._ZTV7TwoWire
                0x008002f3       0x10 ./Wire.o
                0x008002f3                vtable for TwoWire
 .rodata._ZTV14HardwareSerial
                0x00800303       0x10 C:\Users\Thiago\sourceCodes1\arduino_core\328P_16MHz\libarduino_core.a(HardwareSerial.o)
                0x00800303                vtable for HardwareSerial
 *(.gnu.linkonce.d*)
                0x00800314                . = ALIGN (0x2)
 *fill*         0x00800313        0x1 00
                0x00800314                _edata = .
                0x00800314                PROVIDE (__data_end, .)

.bss            0x00800314      0x231
                0x00800314                PROVIDE (__bss_start, .)
 *(.bss)
 *(.bss*)
 .bss._ZN9DS1307RTC6existsE
                0x00800314        0x1 ./DS1307RTC.o
                0x00800314                DS1307RTC::exists
 .bss.getTimePtr
                0x00800315        0x2 ./Time.o
                0x00800315                getTimePtr
 .bss._ZL7sysTime
                0x00800317        0x4 ./Time.o
 .bss._ZL12nextSyncTime
                0x0080031b        0x4 ./Time.o
 .bss._ZL6Status
                0x0080031f        0x2 ./Time.o
 .bss._ZL2tm    0x00800321        0x7 ./Time.o
 .bss._ZL10prevMillis
                0x00800328        0x4 ./Time.o
 .bss._ZL9cacheTime
                0x0080032c        0x4 ./Time.o
 .bss._ZN7TwoWire8rxBufferE
                0x00800330       0x20 ./Wire.o
                0x00800330                TwoWire::rxBuffer
 .bss._ZN7TwoWire13rxBufferIndexE
                0x00800350        0x1 ./Wire.o
                0x00800350                TwoWire::rxBufferIndex
 .bss._ZN7TwoWire14rxBufferLengthE
                0x00800351        0x1 ./Wire.o
                0x00800351                TwoWire::rxBufferLength
 .bss._ZN7TwoWire9txAddressE
                0x00800352        0x1 ./Wire.o
                0x00800352                TwoWire::txAddress
 .bss._ZN7TwoWire8txBufferE
                0x00800353       0x20 ./Wire.o
                0x00800353                TwoWire::txBuffer
 .bss._ZN7TwoWire13txBufferIndexE
                0x00800373        0x1 ./Wire.o
                0x00800373                TwoWire::txBufferIndex
 .bss._ZN7TwoWire14txBufferLengthE
                0x00800374        0x1 ./Wire.o
                0x00800374                TwoWire::txBufferLength
 .bss._ZN7TwoWire12transmittingE
                0x00800375        0x1 ./Wire.o
                0x00800375                TwoWire::transmitting
 .bss.Wire      0x00800376        0xc ./Wire.o
                0x00800376                Wire
 .bss.tm        0x00800382        0x7 ./main.o
                0x00800382                tm
 .bss.flag_timePipeB
                0x00800389        0x1 ./main.o
                0x00800389                flag_timePipeB
 .bss.loadLog   0x0080038a        0xc ./main.o
                0x0080038a                loadLog
 .bss.loadStatus
                0x00800396        0xc ./main.o
                0x00800396                loadStatus
 .bss.hourLog   0x008003a2        0xc ./main.o
                0x008003a2                hourLog
 .bss.minuteLog
                0x008003ae        0xc ./main.o
                0x008003ae                minuteLog
 .bss.flag_WDRF
                0x008003ba        0x1 ./main.o
                0x008003ba                flag_WDRF
 .bss.flag_BORF
                0x008003bb        0x1 ./main.o
                0x008003bb                flag_BORF
 .bss.flag_EXTRF
                0x008003bc        0x1 ./main.o
                0x008003bc                flag_EXTRF
 .bss.flag_PORF
                0x008003bd        0x1 ./main.o
                0x008003bd                flag_PORF
 .bss.motorStatus
                0x008003be        0x1 ./main.o
                0x008003be                motorStatus
 .bss.periodState
                0x008003bf        0x1 ./main.o
                0x008003bf                periodState
 .bss.stateSector
                0x008003c0        0x1 ./main.o
                0x008003c0                stateSector
 .bss.stateMode
                0x008003c1        0x1 ./main.o
                0x008003c1                stateMode
 .bss.powerOn_min_Standy
                0x008003c2        0x1 ./main.o
                0x008003c2                powerOn_min_Standy
 .bss.powerOn_min
                0x008003c3        0x1 ./main.o
                0x008003c3                powerOn_min
 .bss.timeSector
                0x008003c4        0x2 ./main.o
                0x008003c4                timeSector
 .bss.timeSectorVectorMin
                0x008003c6        0xb ./main.o
                0x008003c6                timeSectorVectorMin
 .bss.flag_1s   0x008003d1        0x1 ./main.o
                0x008003d1                flag_1s
 .bss.lastError
                0x008003d2        0x1 ./main.o
                0x008003d2                lastError
 .bss.valveOnTest
                0x008003d3        0x1 ./main.o
                0x008003d3                valveOnTest
 .bss.onlyValve
                0x008003d4        0x1 ./main.o
                0x008003d4                onlyValve
 .bss.valveSequence
                0x008003d5        0xb ./main.o
                0x008003d5                valveSequence
 .bss.valveStatus
                0x008003e0        0xb ./main.o
                0x008003e0                valveStatus
 .bss.sector    0x008003eb        0x1 ./main.o
                0x008003eb                sector
 .bss.sectorCommand
                0x008003ec        0x1 ./main.o
                0x008003ec                sectorCommand
 .bss.sectorChanged
                0x008003ed        0x1 ./main.o
                0x008003ed                sectorChanged
 .bss.flag_BrokenPipeVerify
                0x008003ee        0x1 ./main.o
                0x008003ee                flag_BrokenPipeVerify
 .bss.flag_timeOVF
                0x008003ef        0x1 ./main.o
                0x008003ef                flag_timeOVF
 .bss.flag_timeMatch
                0x008003f0        0x1 ./main.o
                0x008003f0                flag_timeMatch
 .bss.flag04    0x008003f1        0x1 ./main.o
                0x008003f1                flag04
 .bss.flag05    0x008003f2        0x1 ./main.o
                0x008003f2                flag05
 .bss.flag_Th   0x008003f3        0x1 ./main.o
                0x008003f3                flag_Th
 .bss.flag_frameStartBT
                0x008003f4        0x1 ./main.o
                0x008003f4                flag_frameStartBT
 .bss.flag_summaryGLCD
                0x008003f5        0x1 ./main.o
                0x008003f5                flag_summaryGLCD
 .bss.inChar    0x008003f6        0x1 ./main.o
                0x008003f6                inChar
 .bss.aux       0x008003f7        0x3 ./main.o
                0x008003f7                aux
 .bss.sInstr    0x008003fa        0xf ./main.o
                0x008003fa                sInstr
 .bss.rLength   0x00800409        0x1 ./main.o
                0x00800409                rLength
 .bss.sInstrBluetooth
                0x0080040a        0xf ./main.o
                0x0080040a                sInstrBluetooth
 .bss.j2        0x00800419        0x1 ./main.o
                0x00800419                j2
 .bss.enableTranslate_Bluetooth
                0x0080041a        0x1 ./main.o
                0x0080041a                enableTranslate_Bluetooth
 .bss.enableDecode
                0x0080041b        0x1 ./main.o
                0x0080041b                enableDecode
 .bss.PRess     0x0080041c        0x2 ./main.o
                0x0080041c                PRess
 .bss.Pdig      0x0080041e        0x2 ./main.o
                0x0080041e                Pdig
 .bss.twi_state
                0x00800420        0x1 ./twi.o
 .bss.twi_slarw
                0x00800421        0x1 ./twi.o
 .bss.twi_sendStop
                0x00800422        0x1 ./twi.o
 .bss.twi_inRepStart
                0x00800423        0x1 ./twi.o
 .bss.twi_onSlaveTransmit
                0x00800424        0x2 ./twi.o
 .bss.twi_onSlaveReceive
                0x00800426        0x2 ./twi.o
 .bss.twi_masterBuffer
                0x00800428       0x20 ./twi.o
 .bss.twi_masterBufferIndex
                0x00800448        0x1 ./twi.o
 .bss.twi_masterBufferLength
                0x00800449        0x1 ./twi.o
 .bss.twi_txBuffer
                0x0080044a       0x20 ./twi.o
 .bss.twi_txBufferIndex
                0x0080046a        0x1 ./twi.o
 .bss.twi_txBufferLength
                0x0080046b        0x1 ./twi.o
 .bss.twi_rxBuffer
                0x0080046c       0x20 ./twi.o
 .bss.twi_rxBufferIndex
                0x0080048c        0x1 ./twi.o
 .bss.twi_error
                0x0080048d        0x1 ./twi.o
 .bss.rx_buffer
                0x0080048e       0x44 C:\Users\Thiago\sourceCodes1\arduino_core\328P_16MHz\libarduino_core.a(HardwareSerial.o)
                0x0080048e                rx_buffer
 .bss.tx_buffer
                0x008004d2       0x44 C:\Users\Thiago\sourceCodes1\arduino_core\328P_16MHz\libarduino_core.a(HardwareSerial.o)
                0x008004d2                tx_buffer
 .bss.Serial    0x00800516       0x22 C:\Users\Thiago\sourceCodes1\arduino_core\328P_16MHz\libarduino_core.a(HardwareSerial.o)
                0x00800516                Serial
 .bss.timer0_overflow_count
                0x00800538        0x4 C:\Users\Thiago\sourceCodes1\arduino_core\328P_16MHz\libarduino_core.a(wiring.o)
                0x00800538                timer0_overflow_count
 .bss.timer0_millis
                0x0080053c        0x4 C:\Users\Thiago\sourceCodes1\arduino_core\328P_16MHz\libarduino_core.a(wiring.o)
                0x0080053c                timer0_millis
 .bss.timer0_fract
                0x00800540        0x1 C:\Users\Thiago\sourceCodes1\arduino_core\328P_16MHz\libarduino_core.a(wiring.o)
 *(COMMON)
 COMMON         0x00800541        0x4 C:\Users\Thiago\sourceCodes1\arduino_core\328P_16MHz\libarduino_core.a(malloc.o)
                0x00800541                __brkval
                0x00800543                __flp
                0x00800545                PROVIDE (__bss_end, .)
                0x00004d9a                __data_load_start = LOADADDR (.data)
                0x00004fae                __data_load_end = (__data_load_start + SIZEOF (.data))

.noinit         0x00800545        0x0
                0x00800545                PROVIDE (__noinit_start, .)
 *(.noinit*)
                0x00800545                PROVIDE (__noinit_end, .)
                0x00800545                _end = .
                0x00800545                PROVIDE (__heap_start, .)

.eeprom         0x00810000        0x0
 *(.eeprom*)
                0x00810000                __eeprom_end = .

.fuse
 *(.fuse)
 *(.lfuse)
 *(.hfuse)
 *(.efuse)

.lock
 *(.lock*)

.signature
 *(.signature*)

.stab           0x00000000     0x7ee4
 *(.stab)
 .stab          0x00000000      0x75c ./DS1307RTC.o
                                0x8a0 (size before relaxing)
 .stab          0x0000075c      0x48c ./MemoryFree.o
                                0x630 (size before relaxing)
 .stab          0x00000be8      0x9b4 ./Time.o
                                0xffc (size before relaxing)
 .stab          0x0000159c      0x924 ./Wire.o
                                0xdbc (size before relaxing)
 .stab          0x00001ec0     0x3024 ./main.o
                               0x3438 (size before relaxing)
 .stab          0x00004ee4      0xb58 ./twi.o
                                0xce4 (size before relaxing)
 .stab          0x00005a3c      0x510 C:\Users\Thiago\sourceCodes1\arduino_core\328P_16MHz\libarduino_core.a(malloc.o)
                                0x714 (size before relaxing)
 .stab          0x00005f4c      0xa20 C:\Users\Thiago\sourceCodes1\arduino_core\328P_16MHz\libarduino_core.a(HardwareSerial.o)
                                0xf78 (size before relaxing)
 .stab          0x0000696c      0xaf8 C:\Users\Thiago\sourceCodes1\arduino_core\328P_16MHz\libarduino_core.a(Print.o)
                               0x1020 (size before relaxing)
 .stab          0x00007464      0x1c8 C:\Users\Thiago\sourceCodes1\arduino_core\328P_16MHz\libarduino_core.a(new.o)
                                0x378 (size before relaxing)
 .stab          0x0000762c      0x54c C:\Users\Thiago\sourceCodes1\arduino_core\328P_16MHz\libarduino_core.a(wiring.o)
                                0x954 (size before relaxing)
 .stab          0x00007b78      0x36c C:\Users\Thiago\sourceCodes1\arduino_core\328P_16MHz\libarduino_core.a(wiring_digital.o)
                                0xaf8 (size before relaxing)

.stabstr        0x00000000     0x5c4b
 *(.stabstr)
 .stabstr       0x00000000     0x5c4b ./DS1307RTC.o

.stab.excl
 *(.stab.excl)

.stab.exclstr
 *(.stab.exclstr)

.stab.index
 *(.stab.index)

.stab.indexstr
 *(.stab.indexstr)

.comment
 *(.comment)

.debug
 *(.debug)

.line
 *(.line)

.debug_srcinfo
 *(.debug_srcinfo)

.debug_sfnames
 *(.debug_sfnames)

.debug_aranges  0x00000000      0x200
 *(.debug_aranges)
 .debug_aranges
                0x00000000       0x20 c:/winavr-20100110/bin/../lib/gcc/avr/4.3.3/avr5\libgcc.a(_fixunssfsi.o)
 .debug_aranges
                0x00000020       0x20 c:/winavr-20100110/bin/../lib/gcc/avr/4.3.3/avr5\libgcc.a(_addsub_sf.o)
 .debug_aranges
                0x00000040       0x20 c:/winavr-20100110/bin/../lib/gcc/avr/4.3.3/avr5\libgcc.a(_mul_sf.o)
 .debug_aranges
                0x00000060       0x20 c:/winavr-20100110/bin/../lib/gcc/avr/4.3.3/avr5\libgcc.a(_div_sf.o)
 .debug_aranges
                0x00000080       0x20 c:/winavr-20100110/bin/../lib/gcc/avr/4.3.3/avr5\libgcc.a(_gt_sf.o)
 .debug_aranges
                0x000000a0       0x20 c:/winavr-20100110/bin/../lib/gcc/avr/4.3.3/avr5\libgcc.a(_ge_sf.o)
 .debug_aranges
                0x000000c0       0x20 c:/winavr-20100110/bin/../lib/gcc/avr/4.3.3/avr5\libgcc.a(_lt_sf.o)
 .debug_aranges
                0x000000e0       0x20 c:/winavr-20100110/bin/../lib/gcc/avr/4.3.3/avr5\libgcc.a(_le_sf.o)
 .debug_aranges
                0x00000100       0x20 c:/winavr-20100110/bin/../lib/gcc/avr/4.3.3/avr5\libgcc.a(_unord_sf.o)
 .debug_aranges
                0x00000120       0x20 c:/winavr-20100110/bin/../lib/gcc/avr/4.3.3/avr5\libgcc.a(_si_to_sf.o)
 .debug_aranges
                0x00000140       0x20 c:/winavr-20100110/bin/../lib/gcc/avr/4.3.3/avr5\libgcc.a(_sf_to_si.o)
 .debug_aranges
                0x00000160       0x20 c:/winavr-20100110/bin/../lib/gcc/avr/4.3.3/avr5\libgcc.a(_usi_to_sf.o)
 .debug_aranges
                0x00000180       0x20 c:/winavr-20100110/bin/../lib/gcc/avr/4.3.3/avr5\libgcc.a(_clzsi2.o)
 .debug_aranges
                0x000001a0       0x20 c:/winavr-20100110/bin/../lib/gcc/avr/4.3.3/avr5\libgcc.a(_pack_sf.o)
 .debug_aranges
                0x000001c0       0x20 c:/winavr-20100110/bin/../lib/gcc/avr/4.3.3/avr5\libgcc.a(_unpack_sf.o)
 .debug_aranges
                0x000001e0       0x20 c:/winavr-20100110/bin/../lib/gcc/avr/4.3.3/avr5\libgcc.a(_fpcmp_parts_sf.o)

.debug_pubnames
                0x00000000      0x253
 *(.debug_pubnames)
 .debug_pubnames
                0x00000000       0x23 c:/winavr-20100110/bin/../lib/gcc/avr/4.3.3/avr5\libgcc.a(_fixunssfsi.o)
 .debug_pubnames
                0x00000023       0x2c c:/winavr-20100110/bin/../lib/gcc/avr/4.3.3/avr5\libgcc.a(_addsub_sf.o)
 .debug_pubnames
                0x0000004f       0x1f c:/winavr-20100110/bin/../lib/gcc/avr/4.3.3/avr5\libgcc.a(_mul_sf.o)
 .debug_pubnames
                0x0000006e       0x1f c:/winavr-20100110/bin/../lib/gcc/avr/4.3.3/avr5\libgcc.a(_div_sf.o)
 .debug_pubnames
                0x0000008d       0x1e c:/winavr-20100110/bin/../lib/gcc/avr/4.3.3/avr5\libgcc.a(_gt_sf.o)
 .debug_pubnames
                0x000000ab       0x1e c:/winavr-20100110/bin/../lib/gcc/avr/4.3.3/avr5\libgcc.a(_ge_sf.o)
 .debug_pubnames
                0x000000c9       0x1e c:/winavr-20100110/bin/../lib/gcc/avr/4.3.3/avr5\libgcc.a(_lt_sf.o)
 .debug_pubnames
                0x000000e7       0x1e c:/winavr-20100110/bin/../lib/gcc/avr/4.3.3/avr5\libgcc.a(_le_sf.o)
 .debug_pubnames
                0x00000105       0x21 c:/winavr-20100110/bin/../lib/gcc/avr/4.3.3/avr5\libgcc.a(_unord_sf.o)
 .debug_pubnames
                0x00000126       0x22 c:/winavr-20100110/bin/../lib/gcc/avr/4.3.3/avr5\libgcc.a(_si_to_sf.o)
 .debug_pubnames
                0x00000148       0x20 c:/winavr-20100110/bin/../lib/gcc/avr/4.3.3/avr5\libgcc.a(_sf_to_si.o)
 .debug_pubnames
                0x00000168       0x22 c:/winavr-20100110/bin/../lib/gcc/avr/4.3.3/avr5\libgcc.a(_thenan_sf.o)
 .debug_pubnames
                0x0000018a       0x24 c:/winavr-20100110/bin/../lib/gcc/avr/4.3.3/avr5\libgcc.a(_usi_to_sf.o)
 .debug_pubnames
                0x000001ae       0x1f c:/winavr-20100110/bin/../lib/gcc/avr/4.3.3/avr5\libgcc.a(_clzsi2.o)
 .debug_pubnames
                0x000001cd       0x1f c:/winavr-20100110/bin/../lib/gcc/avr/4.3.3/avr5\libgcc.a(_pack_sf.o)
 .debug_pubnames
                0x000001ec       0x21 c:/winavr-20100110/bin/../lib/gcc/avr/4.3.3/avr5\libgcc.a(_unpack_sf.o)
 .debug_pubnames
                0x0000020d       0x26 c:/winavr-20100110/bin/../lib/gcc/avr/4.3.3/avr5\libgcc.a(_fpcmp_parts_sf.o)
 .debug_pubnames
                0x00000233       0x20 c:/winavr-20100110/bin/../lib/gcc/avr/4.3.3/avr5\libgcc.a(_clz.o)

.debug_info     0x00000000     0x2b10
 *(.debug_info)
 .debug_info    0x00000000       0xb1 c:/winavr-20100110/bin/../lib/gcc/avr/4.3.3/avr5\libgcc.a(_fixunssfsi.o)
 .debug_info    0x000000b1      0x47a c:/winavr-20100110/bin/../lib/gcc/avr/4.3.3/avr5\libgcc.a(_addsub_sf.o)
 .debug_info    0x0000052b      0x485 c:/winavr-20100110/bin/../lib/gcc/avr/4.3.3/avr5\libgcc.a(_mul_sf.o)
 .debug_info    0x000009b0      0x3fc c:/winavr-20100110/bin/../lib/gcc/avr/4.3.3/avr5\libgcc.a(_div_sf.o)
 .debug_info    0x00000dac      0x27f c:/winavr-20100110/bin/../lib/gcc/avr/4.3.3/avr5\libgcc.a(_gt_sf.o)
 .debug_info    0x0000102b      0x27f c:/winavr-20100110/bin/../lib/gcc/avr/4.3.3/avr5\libgcc.a(_ge_sf.o)
 .debug_info    0x000012aa      0x27f c:/winavr-20100110/bin/../lib/gcc/avr/4.3.3/avr5\libgcc.a(_lt_sf.o)
 .debug_info    0x00001529      0x27f c:/winavr-20100110/bin/../lib/gcc/avr/4.3.3/avr5\libgcc.a(_le_sf.o)
 .debug_info    0x000017a8      0x27f c:/winavr-20100110/bin/../lib/gcc/avr/4.3.3/avr5\libgcc.a(_unord_sf.o)
 .debug_info    0x00001a27      0x207 c:/winavr-20100110/bin/../lib/gcc/avr/4.3.3/avr5\libgcc.a(_si_to_sf.o)
 .debug_info    0x00001c2e      0x2b0 c:/winavr-20100110/bin/../lib/gcc/avr/4.3.3/avr5\libgcc.a(_sf_to_si.o)
 .debug_info    0x00001ede      0x12c c:/winavr-20100110/bin/../lib/gcc/avr/4.3.3/avr5\libgcc.a(_thenan_sf.o)
 .debug_info    0x0000200a      0x206 c:/winavr-20100110/bin/../lib/gcc/avr/4.3.3/avr5\libgcc.a(_usi_to_sf.o)
 .debug_info    0x00002210      0x117 c:/winavr-20100110/bin/../lib/gcc/avr/4.3.3/avr5\libgcc.a(_clzsi2.o)
 .debug_info    0x00002327      0x2df c:/winavr-20100110/bin/../lib/gcc/avr/4.3.3/avr5\libgcc.a(_pack_sf.o)
 .debug_info    0x00002606      0x251 c:/winavr-20100110/bin/../lib/gcc/avr/4.3.3/avr5\libgcc.a(_unpack_sf.o)
 .debug_info    0x00002857      0x210 c:/winavr-20100110/bin/../lib/gcc/avr/4.3.3/avr5\libgcc.a(_fpcmp_parts_sf.o)
 .debug_info    0x00002a67       0xa9 c:/winavr-20100110/bin/../lib/gcc/avr/4.3.3/avr5\libgcc.a(_clz.o)
 *(.gnu.linkonce.wi.*)

.debug_abbrev   0x00000000     0x1782
 *(.debug_abbrev)
 .debug_abbrev  0x00000000       0x5d c:/winavr-20100110/bin/../lib/gcc/avr/4.3.3/avr5\libgcc.a(_fixunssfsi.o)
 .debug_abbrev  0x0000005d      0x1ea c:/winavr-20100110/bin/../lib/gcc/avr/4.3.3/avr5\libgcc.a(_addsub_sf.o)
 .debug_abbrev  0x00000247      0x21b c:/winavr-20100110/bin/../lib/gcc/avr/4.3.3/avr5\libgcc.a(_mul_sf.o)
 .debug_abbrev  0x00000462      0x216 c:/winavr-20100110/bin/../lib/gcc/avr/4.3.3/avr5\libgcc.a(_div_sf.o)
 .debug_abbrev  0x00000678      0x15a c:/winavr-20100110/bin/../lib/gcc/avr/4.3.3/avr5\libgcc.a(_gt_sf.o)
 .debug_abbrev  0x000007d2      0x15a c:/winavr-20100110/bin/../lib/gcc/avr/4.3.3/avr5\libgcc.a(_ge_sf.o)
 .debug_abbrev  0x0000092c      0x15a c:/winavr-20100110/bin/../lib/gcc/avr/4.3.3/avr5\libgcc.a(_lt_sf.o)
 .debug_abbrev  0x00000a86      0x15a c:/winavr-20100110/bin/../lib/gcc/avr/4.3.3/avr5\libgcc.a(_le_sf.o)
 .debug_abbrev  0x00000be0      0x15a c:/winavr-20100110/bin/../lib/gcc/avr/4.3.3/avr5\libgcc.a(_unord_sf.o)
 .debug_abbrev  0x00000d3a      0x148 c:/winavr-20100110/bin/../lib/gcc/avr/4.3.3/avr5\libgcc.a(_si_to_sf.o)
 .debug_abbrev  0x00000e82      0x17f c:/winavr-20100110/bin/../lib/gcc/avr/4.3.3/avr5\libgcc.a(_sf_to_si.o)
 .debug_abbrev  0x00001001       0xad c:/winavr-20100110/bin/../lib/gcc/avr/4.3.3/avr5\libgcc.a(_thenan_sf.o)
 .debug_abbrev  0x000010ae      0x157 c:/winavr-20100110/bin/../lib/gcc/avr/4.3.3/avr5\libgcc.a(_usi_to_sf.o)
 .debug_abbrev  0x00001205       0xc4 c:/winavr-20100110/bin/../lib/gcc/avr/4.3.3/avr5\libgcc.a(_clzsi2.o)
 .debug_abbrev  0x000012c9      0x1c0 c:/winavr-20100110/bin/../lib/gcc/avr/4.3.3/avr5\libgcc.a(_pack_sf.o)
 .debug_abbrev  0x00001489      0x154 c:/winavr-20100110/bin/../lib/gcc/avr/4.3.3/avr5\libgcc.a(_unpack_sf.o)
 .debug_abbrev  0x000015dd      0x13b c:/winavr-20100110/bin/../lib/gcc/avr/4.3.3/avr5\libgcc.a(_fpcmp_parts_sf.o)
 .debug_abbrev  0x00001718       0x6a c:/winavr-20100110/bin/../lib/gcc/avr/4.3.3/avr5\libgcc.a(_clz.o)

.debug_line     0x00000000     0x14a9
 *(.debug_line)
 .debug_line    0x00000000       0xa7 c:/winavr-20100110/bin/../lib/gcc/avr/4.3.3/avr5\libgcc.a(_fixunssfsi.o)
 .debug_line    0x000000a7      0x2af c:/winavr-20100110/bin/../lib/gcc/avr/4.3.3/avr5\libgcc.a(_addsub_sf.o)
 .debug_line    0x00000356      0x239 c:/winavr-20100110/bin/../lib/gcc/avr/4.3.3/avr5\libgcc.a(_mul_sf.o)
 .debug_line    0x0000058f      0x1d5 c:/winavr-20100110/bin/../lib/gcc/avr/4.3.3/avr5\libgcc.a(_div_sf.o)
 .debug_line    0x00000764       0xd3 c:/winavr-20100110/bin/../lib/gcc/avr/4.3.3/avr5\libgcc.a(_gt_sf.o)
 .debug_line    0x00000837       0xd3 c:/winavr-20100110/bin/../lib/gcc/avr/4.3.3/avr5\libgcc.a(_ge_sf.o)
 .debug_line    0x0000090a       0xd3 c:/winavr-20100110/bin/../lib/gcc/avr/4.3.3/avr5\libgcc.a(_lt_sf.o)
 .debug_line    0x000009dd       0xd3 c:/winavr-20100110/bin/../lib/gcc/avr/4.3.3/avr5\libgcc.a(_le_sf.o)
 .debug_line    0x00000ab0       0xcb c:/winavr-20100110/bin/../lib/gcc/avr/4.3.3/avr5\libgcc.a(_unord_sf.o)
 .debug_line    0x00000b7b      0x135 c:/winavr-20100110/bin/../lib/gcc/avr/4.3.3/avr5\libgcc.a(_si_to_sf.o)
 .debug_line    0x00000cb0      0x109 c:/winavr-20100110/bin/../lib/gcc/avr/4.3.3/avr5\libgcc.a(_sf_to_si.o)
 .debug_line    0x00000db9       0x90 c:/winavr-20100110/bin/../lib/gcc/avr/4.3.3/avr5\libgcc.a(_thenan_sf.o)
 .debug_line    0x00000e49      0x133 c:/winavr-20100110/bin/../lib/gcc/avr/4.3.3/avr5\libgcc.a(_usi_to_sf.o)
 .debug_line    0x00000f7c       0xa5 c:/winavr-20100110/bin/../lib/gcc/avr/4.3.3/avr5\libgcc.a(_clzsi2.o)
 .debug_line    0x00001021      0x18a c:/winavr-20100110/bin/../lib/gcc/avr/4.3.3/avr5\libgcc.a(_pack_sf.o)
 .debug_line    0x000011ab      0x14b c:/winavr-20100110/bin/../lib/gcc/avr/4.3.3/avr5\libgcc.a(_unpack_sf.o)
 .debug_line    0x000012f6      0x137 c:/winavr-20100110/bin/../lib/gcc/avr/4.3.3/avr5\libgcc.a(_fpcmp_parts_sf.o)
 .debug_line    0x0000142d       0x7c c:/winavr-20100110/bin/../lib/gcc/avr/4.3.3/avr5\libgcc.a(_clz.o)

.debug_frame    0x00000000      0x220
 *(.debug_frame)
 .debug_frame   0x00000000       0x20 c:/winavr-20100110/bin/../lib/gcc/avr/4.3.3/avr5\libgcc.a(_fixunssfsi.o)
 .debug_frame   0x00000020       0x40 c:/winavr-20100110/bin/../lib/gcc/avr/4.3.3/avr5\libgcc.a(_addsub_sf.o)
 .debug_frame   0x00000060       0x20 c:/winavr-20100110/bin/../lib/gcc/avr/4.3.3/avr5\libgcc.a(_mul_sf.o)
 .debug_frame   0x00000080       0x20 c:/winavr-20100110/bin/../lib/gcc/avr/4.3.3/avr5\libgcc.a(_div_sf.o)
 .debug_frame   0x000000a0       0x20 c:/winavr-20100110/bin/../lib/gcc/avr/4.3.3/avr5\libgcc.a(_gt_sf.o)
 .debug_frame   0x000000c0       0x20 c:/winavr-20100110/bin/../lib/gcc/avr/4.3.3/avr5\libgcc.a(_ge_sf.o)
 .debug_frame   0x000000e0       0x20 c:/winavr-20100110/bin/../lib/gcc/avr/4.3.3/avr5\libgcc.a(_lt_sf.o)
 .debug_frame   0x00000100       0x20 c:/winavr-20100110/bin/../lib/gcc/avr/4.3.3/avr5\libgcc.a(_le_sf.o)
 .debug_frame   0x00000120       0x20 c:/winavr-20100110/bin/../lib/gcc/avr/4.3.3/avr5\libgcc.a(_unord_sf.o)
 .debug_frame   0x00000140       0x20 c:/winavr-20100110/bin/../lib/gcc/avr/4.3.3/avr5\libgcc.a(_si_to_sf.o)
 .debug_frame   0x00000160       0x20 c:/winavr-20100110/bin/../lib/gcc/avr/4.3.3/avr5\libgcc.a(_sf_to_si.o)
 .debug_frame   0x00000180       0x20 c:/winavr-20100110/bin/../lib/gcc/avr/4.3.3/avr5\libgcc.a(_usi_to_sf.o)
 .debug_frame   0x000001a0       0x20 c:/winavr-20100110/bin/../lib/gcc/avr/4.3.3/avr5\libgcc.a(_clzsi2.o)
 .debug_frame   0x000001c0       0x20 c:/winavr-20100110/bin/../lib/gcc/avr/4.3.3/avr5\libgcc.a(_pack_sf.o)
 .debug_frame   0x000001e0       0x20 c:/winavr-20100110/bin/../lib/gcc/avr/4.3.3/avr5\libgcc.a(_unpack_sf.o)
 .debug_frame   0x00000200       0x20 c:/winavr-20100110/bin/../lib/gcc/avr/4.3.3/avr5\libgcc.a(_fpcmp_parts_sf.o)

.debug_str      0x00000000      0x31a
 *(.debug_str)
 .debug_str     0x00000000       0xbf c:/winavr-20100110/bin/../lib/gcc/avr/4.3.3/avr5\libgcc.a(_fixunssfsi.o)
                                 0xfe (size before relaxing)
 .debug_str     0x000000bf      0x14d c:/winavr-20100110/bin/../lib/gcc/avr/4.3.3/avr5\libgcc.a(_addsub_sf.o)
                                0x206 (size before relaxing)
 .debug_str     0x0000020c       0x27 c:/winavr-20100110/bin/../lib/gcc/avr/4.3.3/avr5\libgcc.a(_mul_sf.o)
                                0x1bf (size before relaxing)
 .debug_str     0x00000233       0x35 c:/winavr-20100110/bin/../lib/gcc/avr/4.3.3/avr5\libgcc.a(_div_sf.o)
                                0x1c8 (size before relaxing)
 .debug_str     0x00000268        0x8 c:/winavr-20100110/bin/../lib/gcc/avr/4.3.3/avr5\libgcc.a(_gt_sf.o)
                                0x195 (size before relaxing)
 .debug_str     0x00000270        0x8 c:/winavr-20100110/bin/../lib/gcc/avr/4.3.3/avr5\libgcc.a(_ge_sf.o)
                                0x195 (size before relaxing)
 .debug_str     0x00000278        0x8 c:/winavr-20100110/bin/../lib/gcc/avr/4.3.3/avr5\libgcc.a(_lt_sf.o)
                                0x195 (size before relaxing)
 .debug_str     0x00000280        0x8 c:/winavr-20100110/bin/../lib/gcc/avr/4.3.3/avr5\libgcc.a(_le_sf.o)
                                0x195 (size before relaxing)
 .debug_str     0x00000288        0xb c:/winavr-20100110/bin/../lib/gcc/avr/4.3.3/avr5\libgcc.a(_unord_sf.o)
                                0x198 (size before relaxing)
 .debug_str     0x00000293       0x1e c:/winavr-20100110/bin/../lib/gcc/avr/4.3.3/avr5\libgcc.a(_si_to_sf.o)
                                0x17b (size before relaxing)
 .debug_str     0x000002b1        0xa c:/winavr-20100110/bin/../lib/gcc/avr/4.3.3/avr5\libgcc.a(_sf_to_si.o)
                                0x19e (size before relaxing)
 .debug_str     0x00000000      0x103 c:/winavr-20100110/bin/../lib/gcc/avr/4.3.3/avr5\libgcc.a(_thenan_sf.o)
 .debug_str     0x000002bb       0x14 c:/winavr-20100110/bin/../lib/gcc/avr/4.3.3/avr5\libgcc.a(_usi_to_sf.o)
                                0x177 (size before relaxing)
 .debug_str     0x000002cf       0x20 c:/winavr-20100110/bin/../lib/gcc/avr/4.3.3/avr5\libgcc.a(_clzsi2.o)
                                0x111 (size before relaxing)
 .debug_str     0x000002ef       0x10 c:/winavr-20100110/bin/../lib/gcc/avr/4.3.3/avr5\libgcc.a(_pack_sf.o)
                                0x19d (size before relaxing)
 .debug_str     0x000002ff        0xb c:/winavr-20100110/bin/../lib/gcc/avr/4.3.3/avr5\libgcc.a(_unpack_sf.o)
                                0x17f (size before relaxing)
 .debug_str     0x0000030a       0x10 c:/winavr-20100110/bin/../lib/gcc/avr/4.3.3/avr5\libgcc.a(_fpcmp_parts_sf.o)
                                0x163 (size before relaxing)
 .debug_str     0x00000000       0xf4 c:/winavr-20100110/bin/../lib/gcc/avr/4.3.3/avr5\libgcc.a(_clz.o)

.debug_loc      0x00000000      0xa92
 *(.debug_loc)
 .debug_loc     0x00000000       0x34 c:/winavr-20100110/bin/../lib/gcc/avr/4.3.3/avr5\libgcc.a(_fixunssfsi.o)
 .debug_loc     0x00000034      0x32a c:/winavr-20100110/bin/../lib/gcc/avr/4.3.3/avr5\libgcc.a(_addsub_sf.o)
 .debug_loc     0x0000035e      0x104 c:/winavr-20100110/bin/../lib/gcc/avr/4.3.3/avr5\libgcc.a(_mul_sf.o)
 .debug_loc     0x00000462       0xc0 c:/winavr-20100110/bin/../lib/gcc/avr/4.3.3/avr5\libgcc.a(_div_sf.o)
 .debug_loc     0x00000522       0x3c c:/winavr-20100110/bin/../lib/gcc/avr/4.3.3/avr5\libgcc.a(_gt_sf.o)
 .debug_loc     0x0000055e       0x3c c:/winavr-20100110/bin/../lib/gcc/avr/4.3.3/avr5\libgcc.a(_ge_sf.o)
 .debug_loc     0x0000059a       0x3c c:/winavr-20100110/bin/../lib/gcc/avr/4.3.3/avr5\libgcc.a(_lt_sf.o)
 .debug_loc     0x000005d6       0x3c c:/winavr-20100110/bin/../lib/gcc/avr/4.3.3/avr5\libgcc.a(_le_sf.o)
 .debug_loc     0x00000612       0x3c c:/winavr-20100110/bin/../lib/gcc/avr/4.3.3/avr5\libgcc.a(_unord_sf.o)
 .debug_loc     0x0000064e       0xac c:/winavr-20100110/bin/../lib/gcc/avr/4.3.3/avr5\libgcc.a(_si_to_sf.o)
 .debug_loc     0x000006fa       0x7e c:/winavr-20100110/bin/../lib/gcc/avr/4.3.3/avr5\libgcc.a(_sf_to_si.o)
 .debug_loc     0x00000778       0x4c c:/winavr-20100110/bin/../lib/gcc/avr/4.3.3/avr5\libgcc.a(_usi_to_sf.o)
 .debug_loc     0x000007c4       0x94 c:/winavr-20100110/bin/../lib/gcc/avr/4.3.3/avr5\libgcc.a(_clzsi2.o)
 .debug_loc     0x00000858      0x13e c:/winavr-20100110/bin/../lib/gcc/avr/4.3.3/avr5\libgcc.a(_pack_sf.o)
 .debug_loc     0x00000996       0xac c:/winavr-20100110/bin/../lib/gcc/avr/4.3.3/avr5\libgcc.a(_unpack_sf.o)
 .debug_loc     0x00000a42       0x50 c:/winavr-20100110/bin/../lib/gcc/avr/4.3.3/avr5\libgcc.a(_fpcmp_parts_sf.o)

.debug_macinfo
 *(.debug_macinfo)
OUTPUT(Agro_Vassal2.elf elf32-avr)
LOAD linker stubs

.debug_ranges   0x00000000       0x50
 .debug_ranges  0x00000000       0x50 c:/winavr-20100110/bin/../lib/gcc/avr/4.3.3/avr5\libgcc.a(_mul_sf.o)

Cross Reference Table

Symbol                                            File
DS1307RTC::DS1307RTC()                            ./DS1307RTC.o
DS1307RTC::DS1307RTC()                            ./DS1307RTC.o
DS1307RTC::bcd2dec(unsigned char)                 ./DS1307RTC.o
DS1307RTC::dec2bcd(unsigned char)                 ./DS1307RTC.o
DS1307RTC::exists                                 ./DS1307RTC.o
DS1307RTC::get()                                  ./DS1307RTC.o
DS1307RTC::read(tmElements_t&)                    ./DS1307RTC.o
                                                  ./main.o
DS1307RTC::set(unsigned long)                     ./DS1307RTC.o
DS1307RTC::write(tmElements_t&)                   ./DS1307RTC.o
                                                  ./main.o
HardwareSerial::HardwareSerial(ring_buffer*, ring_buffer*, unsigned char volatile*, unsigned char volatile*, unsigned char volatile*, unsigned char volatile*, unsigned char volatile*, unsigned char volatile*, unsigned char, unsigned char, unsigned char, unsigned char, unsigned char) C:\Users\Thiago\sourceCodes1\arduino_core\328P_16MHz\libarduino_core.a(HardwareSerial.o)
HardwareSerial::HardwareSerial(ring_buffer*, ring_buffer*, unsigned char volatile*, unsigned char volatile*, unsigned char volatile*, unsigned char volatile*, unsigned char volatile*, unsigned char volatile*, unsigned char, unsigned char, unsigned char, unsigned char, unsigned char) C:\Users\Thiago\sourceCodes1\arduino_core\328P_16MHz\libarduino_core.a(HardwareSerial.o)
HardwareSerial::available()                       C:\Users\Thiago\sourceCodes1\arduino_core\328P_16MHz\libarduino_core.a(HardwareSerial.o)
                                                  ./main.o
HardwareSerial::begin(unsigned long)              C:\Users\Thiago\sourceCodes1\arduino_core\328P_16MHz\libarduino_core.a(HardwareSerial.o)
                                                  ./main.o
HardwareSerial::begin(unsigned long, unsigned char) C:\Users\Thiago\sourceCodes1\arduino_core\328P_16MHz\libarduino_core.a(HardwareSerial.o)
HardwareSerial::end()                             C:\Users\Thiago\sourceCodes1\arduino_core\328P_16MHz\libarduino_core.a(HardwareSerial.o)
HardwareSerial::flush()                           C:\Users\Thiago\sourceCodes1\arduino_core\328P_16MHz\libarduino_core.a(HardwareSerial.o)
HardwareSerial::operator bool()                   C:\Users\Thiago\sourceCodes1\arduino_core\328P_16MHz\libarduino_core.a(HardwareSerial.o)
HardwareSerial::peek()                            C:\Users\Thiago\sourceCodes1\arduino_core\328P_16MHz\libarduino_core.a(HardwareSerial.o)
HardwareSerial::read()                            C:\Users\Thiago\sourceCodes1\arduino_core\328P_16MHz\libarduino_core.a(HardwareSerial.o)
                                                  ./main.o
HardwareSerial::write(unsigned char)              C:\Users\Thiago\sourceCodes1\arduino_core\328P_16MHz\libarduino_core.a(HardwareSerial.o)
                                                  ./main.o
PRess                                             ./main.o
Pdig                                              ./main.o
Print::print(Printable const&)                    C:\Users\Thiago\sourceCodes1\arduino_core\328P_16MHz\libarduino_core.a(Print.o)
Print::print(String const&)                       C:\Users\Thiago\sourceCodes1\arduino_core\328P_16MHz\libarduino_core.a(Print.o)
Print::print(__FlashStringHelper const*)          C:\Users\Thiago\sourceCodes1\arduino_core\328P_16MHz\libarduino_core.a(Print.o)
Print::print(char const*)                         C:\Users\Thiago\sourceCodes1\arduino_core\328P_16MHz\libarduino_core.a(Print.o)
                                                  ./main.o
Print::print(char)                                C:\Users\Thiago\sourceCodes1\arduino_core\328P_16MHz\libarduino_core.a(Print.o)
Print::print(double, int)                         C:\Users\Thiago\sourceCodes1\arduino_core\328P_16MHz\libarduino_core.a(Print.o)
                                                  ./main.o
Print::print(int, int)                            C:\Users\Thiago\sourceCodes1\arduino_core\328P_16MHz\libarduino_core.a(Print.o)
                                                  ./main.o
Print::print(long, int)                           C:\Users\Thiago\sourceCodes1\arduino_core\328P_16MHz\libarduino_core.a(Print.o)
Print::print(unsigned char, int)                  C:\Users\Thiago\sourceCodes1\arduino_core\328P_16MHz\libarduino_core.a(Print.o)
Print::print(unsigned int, int)                   C:\Users\Thiago\sourceCodes1\arduino_core\328P_16MHz\libarduino_core.a(Print.o)
Print::print(unsigned long, int)                  C:\Users\Thiago\sourceCodes1\arduino_core\328P_16MHz\libarduino_core.a(Print.o)
Print::printFloat(double, unsigned char)          C:\Users\Thiago\sourceCodes1\arduino_core\328P_16MHz\libarduino_core.a(Print.o)
Print::printNumber(unsigned long, unsigned char)  C:\Users\Thiago\sourceCodes1\arduino_core\328P_16MHz\libarduino_core.a(Print.o)
Print::println()                                  C:\Users\Thiago\sourceCodes1\arduino_core\328P_16MHz\libarduino_core.a(Print.o)
Print::println(Printable const&)                  C:\Users\Thiago\sourceCodes1\arduino_core\328P_16MHz\libarduino_core.a(Print.o)
Print::println(String const&)                     C:\Users\Thiago\sourceCodes1\arduino_core\328P_16MHz\libarduino_core.a(Print.o)
Print::println(__FlashStringHelper const*)        C:\Users\Thiago\sourceCodes1\arduino_core\328P_16MHz\libarduino_core.a(Print.o)
Print::println(char const*)                       C:\Users\Thiago\sourceCodes1\arduino_core\328P_16MHz\libarduino_core.a(Print.o)
                                                  ./main.o
Print::println(char)                              C:\Users\Thiago\sourceCodes1\arduino_core\328P_16MHz\libarduino_core.a(Print.o)
Print::println(double, int)                       C:\Users\Thiago\sourceCodes1\arduino_core\328P_16MHz\libarduino_core.a(Print.o)
Print::println(int, int)                          C:\Users\Thiago\sourceCodes1\arduino_core\328P_16MHz\libarduino_core.a(Print.o)
                                                  ./main.o
Print::println(long, int)                         C:\Users\Thiago\sourceCodes1\arduino_core\328P_16MHz\libarduino_core.a(Print.o)
Print::println(unsigned char, int)                C:\Users\Thiago\sourceCodes1\arduino_core\328P_16MHz\libarduino_core.a(Print.o)
Print::println(unsigned int, int)                 C:\Users\Thiago\sourceCodes1\arduino_core\328P_16MHz\libarduino_core.a(Print.o)
Print::println(unsigned long, int)                C:\Users\Thiago\sourceCodes1\arduino_core\328P_16MHz\libarduino_core.a(Print.o)
Print::write(char const*)                         C:\Users\Thiago\sourceCodes1\arduino_core\328P_16MHz\libarduino_core.a(Print.o)
Print::write(unsigned char const*, unsigned int)  C:\Users\Thiago\sourceCodes1\arduino_core\328P_16MHz\libarduino_core.a(Print.o)
                                                  C:\Users\Thiago\sourceCodes1\arduino_core\328P_16MHz\libarduino_core.a(HardwareSerial.o)
                                                  ./Wire.o
RTC                                               ./DS1307RTC.o
Serial                                            C:\Users\Thiago\sourceCodes1\arduino_core\328P_16MHz\libarduino_core.a(HardwareSerial.o)
                                                  ./main.o
TwoWire::TwoWire()                                ./Wire.o
TwoWire::TwoWire()                                ./Wire.o
TwoWire::available()                              ./Wire.o
                                                  ./DS1307RTC.o
TwoWire::begin()                                  ./Wire.o
                                                  ./DS1307RTC.o
TwoWire::begin(int)                               ./Wire.o
TwoWire::begin(unsigned char)                     ./Wire.o
TwoWire::beginTransmission(int)                   ./Wire.o
                                                  ./DS1307RTC.o
TwoWire::beginTransmission(unsigned char)         ./Wire.o
TwoWire::endTransmission()                        ./Wire.o
                                                  ./DS1307RTC.o
TwoWire::endTransmission(unsigned char)           ./Wire.o
TwoWire::flush()                                  ./Wire.o
TwoWire::onReceive(void (*)(int))                 ./Wire.o
TwoWire::onReceiveService(unsigned char*, int)    ./Wire.o
TwoWire::onRequest(void (*)())                    ./Wire.o
TwoWire::onRequestService()                       ./Wire.o
TwoWire::peek()                                   ./Wire.o
TwoWire::read()                                   ./Wire.o
                                                  ./DS1307RTC.o
TwoWire::requestFrom(int, int)                    ./Wire.o
                                                  ./DS1307RTC.o
TwoWire::requestFrom(int, int, int)               ./Wire.o
TwoWire::requestFrom(unsigned char, unsigned char) ./Wire.o
TwoWire::requestFrom(unsigned char, unsigned char, unsigned char) ./Wire.o
TwoWire::rxBuffer                                 ./Wire.o
TwoWire::rxBufferIndex                            ./Wire.o
TwoWire::rxBufferLength                           ./Wire.o
TwoWire::transmitting                             ./Wire.o
TwoWire::txAddress                                ./Wire.o
TwoWire::txBuffer                                 ./Wire.o
TwoWire::txBufferIndex                            ./Wire.o
TwoWire::txBufferLength                           ./Wire.o
TwoWire::user_onReceive                           ./Wire.o
TwoWire::user_onRequest                           ./Wire.o
TwoWire::write(unsigned char const*, unsigned int) ./Wire.o
TwoWire::write(unsigned char)                     ./Wire.o
                                                  ./DS1307RTC.o
Wire                                              ./Wire.o
                                                  ./DS1307RTC.o
__addsf3                                          c:/winavr-20100110/bin/../lib/gcc/avr/4.3.3/avr5\libgcc.a(_addsub_sf.o)
                                                  C:\Users\Thiago\sourceCodes1\arduino_core\328P_16MHz\libarduino_core.a(Print.o)
                                                  ./main.o
__bad_interrupt                                   c:/winavr-20100110/bin/../lib/gcc/avr/4.3.3/../../../../avr/lib/avr5/crtm328p.o
__brkval                                          C:\Users\Thiago\sourceCodes1\arduino_core\328P_16MHz\libarduino_core.a(malloc.o)
                                                  ./MemoryFree.o
__bss_end                                         c:/winavr-20100110/bin/../lib/gcc/avr/4.3.3/avr5\libgcc.a(_clear_bss.o)
__bss_start                                       c:/winavr-20100110/bin/../lib/gcc/avr/4.3.3/avr5\libgcc.a(_clear_bss.o)
__clz_tab                                         c:/winavr-20100110/bin/../lib/gcc/avr/4.3.3/avr5\libgcc.a(_clz.o)
                                                  c:/winavr-20100110/bin/../lib/gcc/avr/4.3.3/avr5\libgcc.a(_clzsi2.o)
__clzsi2                                          c:/winavr-20100110/bin/../lib/gcc/avr/4.3.3/avr5\libgcc.a(_clzsi2.o)
                                                  c:/winavr-20100110/bin/../lib/gcc/avr/4.3.3/avr5\libgcc.a(_usi_to_sf.o)
                                                  c:/winavr-20100110/bin/../lib/gcc/avr/4.3.3/avr5\libgcc.a(_si_to_sf.o)
__ctors_end                                       c:/winavr-20100110/bin/../lib/gcc/avr/4.3.3/avr5\libgcc.a(_ctors.o)
__ctors_start                                     c:/winavr-20100110/bin/../lib/gcc/avr/4.3.3/avr5\libgcc.a(_ctors.o)
__cxa_guard_abort                                 C:\Users\Thiago\sourceCodes1\arduino_core\328P_16MHz\libarduino_core.a(new.o)
__cxa_guard_acquire                               C:\Users\Thiago\sourceCodes1\arduino_core\328P_16MHz\libarduino_core.a(new.o)
__cxa_guard_release                               C:\Users\Thiago\sourceCodes1\arduino_core\328P_16MHz\libarduino_core.a(new.o)
__cxa_pure_virtual                                C:\Users\Thiago\sourceCodes1\arduino_core\328P_16MHz\libarduino_core.a(new.o)
                                                  C:\Users\Thiago\sourceCodes1\arduino_core\328P_16MHz\libarduino_core.a(Print.o)
                                                  C:\Users\Thiago\sourceCodes1\arduino_core\328P_16MHz\libarduino_core.a(HardwareSerial.o)
                                                  ./Wire.o
__data_end                                        c:/winavr-20100110/bin/../lib/gcc/avr/4.3.3/avr5\libgcc.a(_copy_data.o)
__data_load_start                                 c:/winavr-20100110/bin/../lib/gcc/avr/4.3.3/avr5\libgcc.a(_copy_data.o)
__data_start                                      c:/winavr-20100110/bin/../lib/gcc/avr/4.3.3/avr5\libgcc.a(_copy_data.o)
__divmodhi4                                       c:/winavr-20100110/bin/../lib/gcc/avr/4.3.3/avr5\libgcc.a(_divmodhi4.o)
                                                  C:\Users\Thiago\sourceCodes1\arduino_core\328P_16MHz\libarduino_core.a(HardwareSerial.o)
                                                  ./Time.o
__divsf3                                          c:/winavr-20100110/bin/../lib/gcc/avr/4.3.3/avr5\libgcc.a(_div_sf.o)
                                                  C:\Users\Thiago\sourceCodes1\arduino_core\328P_16MHz\libarduino_core.a(Print.o)
                                                  ./main.o
__do_clear_bss                                    c:/winavr-20100110/bin/../lib/gcc/avr/4.3.3/avr5\libgcc.a(_clear_bss.o)
                                                  C:\Users\Thiago\sourceCodes1\arduino_core\328P_16MHz\libarduino_core.a(wiring.o)
                                                  C:\Users\Thiago\sourceCodes1\arduino_core\328P_16MHz\libarduino_core.a(HardwareSerial.o)
                                                  C:\Users\Thiago\sourceCodes1\arduino_core\328P_16MHz\libarduino_core.a(malloc.o)
                                                  ./twi.o
                                                  ./main.o
                                                  ./Wire.o
                                                  ./Time.o
                                                  ./DS1307RTC.o
__do_copy_data                                    c:/winavr-20100110/bin/../lib/gcc/avr/4.3.3/avr5\libgcc.a(_copy_data.o)
                                                  c:/winavr-20100110/bin/../lib/gcc/avr/4.3.3/avr5\libgcc.a(_clz.o)
                                                  c:/winavr-20100110/bin/../lib/gcc/avr/4.3.3/avr5\libgcc.a(_thenan_sf.o)
                                                  C:\Users\Thiago\sourceCodes1\arduino_core\328P_16MHz\libarduino_core.a(Print.o)
                                                  C:\Users\Thiago\sourceCodes1\arduino_core\328P_16MHz\libarduino_core.a(HardwareSerial.o)
                                                  C:\Users\Thiago\sourceCodes1\arduino_core\328P_16MHz\libarduino_core.a(malloc.o)
                                                  ./main.o
                                                  ./Wire.o
                                                  ./Time.o
__do_global_ctors                                 c:/winavr-20100110/bin/../lib/gcc/avr/4.3.3/avr5\libgcc.a(_ctors.o)
                                                  C:\Users\Thiago\sourceCodes1\arduino_core\328P_16MHz\libarduino_core.a(HardwareSerial.o)
                                                  ./Wire.o
                                                  ./DS1307RTC.o
__eerd_byte_m328p                                 c:/winavr-20100110/bin/../lib/gcc/avr/4.3.3/../../../../avr/lib/avr5\libc.a(eerd_byte_atmega328p.o)
                                                  ./main.o
__eewr_byte_m328p                                 c:/winavr-20100110/bin/../lib/gcc/avr/4.3.3/../../../../avr/lib/avr5\libc.a(eewr_byte_atmega328p.o)
                                                  ./main.o
__eewr_r18_m328p                                  c:/winavr-20100110/bin/../lib/gcc/avr/4.3.3/../../../../avr/lib/avr5\libc.a(eewr_byte_atmega328p.o)
__epilogue_restores__                             c:/winavr-20100110/bin/../lib/gcc/avr/4.3.3/avr5\libgcc.a(_epilogue.o)
                                                  c:/winavr-20100110/bin/../lib/gcc/avr/4.3.3/../../../../avr/lib/avr5\libc.a(vfprintf_std.o)
                                                  c:/winavr-20100110/bin/../lib/gcc/avr/4.3.3/../../../../avr/lib/avr5\libc.a(sprintf.o)
                                                  c:/winavr-20100110/bin/../lib/gcc/avr/4.3.3/avr5\libgcc.a(_usi_to_sf.o)
                                                  c:/winavr-20100110/bin/../lib/gcc/avr/4.3.3/avr5\libgcc.a(_sf_to_si.o)
                                                  c:/winavr-20100110/bin/../lib/gcc/avr/4.3.3/avr5\libgcc.a(_si_to_sf.o)
                                                  c:/winavr-20100110/bin/../lib/gcc/avr/4.3.3/avr5\libgcc.a(_unord_sf.o)
                                                  c:/winavr-20100110/bin/../lib/gcc/avr/4.3.3/avr5\libgcc.a(_le_sf.o)
                                                  c:/winavr-20100110/bin/../lib/gcc/avr/4.3.3/avr5\libgcc.a(_lt_sf.o)
                                                  c:/winavr-20100110/bin/../lib/gcc/avr/4.3.3/avr5\libgcc.a(_ge_sf.o)
                                                  c:/winavr-20100110/bin/../lib/gcc/avr/4.3.3/avr5\libgcc.a(_gt_sf.o)
                                                  c:/winavr-20100110/bin/../lib/gcc/avr/4.3.3/avr5\libgcc.a(_div_sf.o)
                                                  c:/winavr-20100110/bin/../lib/gcc/avr/4.3.3/avr5\libgcc.a(_mul_sf.o)
                                                  c:/winavr-20100110/bin/../lib/gcc/avr/4.3.3/avr5\libgcc.a(_addsub_sf.o)
__fixsfsi                                         c:/winavr-20100110/bin/../lib/gcc/avr/4.3.3/avr5\libgcc.a(_sf_to_si.o)
                                                  c:/winavr-20100110/bin/../lib/gcc/avr/4.3.3/avr5\libgcc.a(_fixunssfsi.o)
                                                  C:\Users\Thiago\sourceCodes1\arduino_core\328P_16MHz\libarduino_core.a(Print.o)
                                                  ./main.o
__fixunssfsi                                      c:/winavr-20100110/bin/../lib/gcc/avr/4.3.3/avr5\libgcc.a(_fixunssfsi.o)
                                                  C:\Users\Thiago\sourceCodes1\arduino_core\328P_16MHz\libarduino_core.a(Print.o)
__floatsisf                                       c:/winavr-20100110/bin/../lib/gcc/avr/4.3.3/avr5\libgcc.a(_si_to_sf.o)
                                                  C:\Users\Thiago\sourceCodes1\arduino_core\328P_16MHz\libarduino_core.a(Print.o)
                                                  ./main.o
__floatunsisf                                     c:/winavr-20100110/bin/../lib/gcc/avr/4.3.3/avr5\libgcc.a(_usi_to_sf.o)
                                                  C:\Users\Thiago\sourceCodes1\arduino_core\328P_16MHz\libarduino_core.a(Print.o)
__flp                                             C:\Users\Thiago\sourceCodes1\arduino_core\328P_16MHz\libarduino_core.a(malloc.o)
                                                  ./MemoryFree.o
__fp_mpack                                        c:/winavr-20100110/bin/../lib/gcc/avr/4.3.3/../../../../avr/lib/avr5\libm.a(fp_mpack.o)
                                                  c:/winavr-20100110/bin/../lib/gcc/avr/4.3.3/../../../../avr/lib/avr5\libm.a(sqrt.o)
__fp_mpack_finite                                 c:/winavr-20100110/bin/../lib/gcc/avr/4.3.3/../../../../avr/lib/avr5\libm.a(fp_mpack.o)
__fp_nan                                          c:/winavr-20100110/bin/../lib/gcc/avr/4.3.3/../../../../avr/lib/avr5\libm.a(fp_nan.o)
                                                  c:/winavr-20100110/bin/../lib/gcc/avr/4.3.3/../../../../avr/lib/avr5\libm.a(sqrt.o)
__fp_norm2                                        c:/winavr-20100110/bin/../lib/gcc/avr/4.3.3/../../../../avr/lib/avr5\libm.a(fp_norm2.o)
                                                  c:/winavr-20100110/bin/../lib/gcc/avr/4.3.3/../../../../avr/lib/avr5\libm.a(sqrt.o)
__fp_split3                                       c:/winavr-20100110/bin/../lib/gcc/avr/4.3.3/../../../../avr/lib/avr5\libm.a(fp_split3.o)
__fp_splitA                                       c:/winavr-20100110/bin/../lib/gcc/avr/4.3.3/../../../../avr/lib/avr5\libm.a(fp_split3.o)
                                                  c:/winavr-20100110/bin/../lib/gcc/avr/4.3.3/../../../../avr/lib/avr5\libm.a(sqrt.o)
__fpcmp_parts_f                                   c:/winavr-20100110/bin/../lib/gcc/avr/4.3.3/avr5\libgcc.a(_fpcmp_parts_sf.o)
                                                  c:/winavr-20100110/bin/../lib/gcc/avr/4.3.3/avr5\libgcc.a(_le_sf.o)
                                                  c:/winavr-20100110/bin/../lib/gcc/avr/4.3.3/avr5\libgcc.a(_lt_sf.o)
                                                  c:/winavr-20100110/bin/../lib/gcc/avr/4.3.3/avr5\libgcc.a(_ge_sf.o)
                                                  c:/winavr-20100110/bin/../lib/gcc/avr/4.3.3/avr5\libgcc.a(_gt_sf.o)
__gesf2                                           c:/winavr-20100110/bin/../lib/gcc/avr/4.3.3/avr5\libgcc.a(_ge_sf.o)
                                                  c:/winavr-20100110/bin/../lib/gcc/avr/4.3.3/avr5\libgcc.a(_fixunssfsi.o)
__gtsf2                                           c:/winavr-20100110/bin/../lib/gcc/avr/4.3.3/avr5\libgcc.a(_gt_sf.o)
                                                  C:\Users\Thiago\sourceCodes1\arduino_core\328P_16MHz\libarduino_core.a(Print.o)
                                                  ./main.o
__heap_end                                        c:/winavr-20100110/bin/../lib/gcc/avr/4.3.3/../../../../avr/lib/avr5/crtm328p.o
                                                  C:\Users\Thiago\sourceCodes1\arduino_core\328P_16MHz\libarduino_core.a(malloc.o)
__heap_start                                      C:\Users\Thiago\sourceCodes1\arduino_core\328P_16MHz\libarduino_core.a(malloc.o)
                                                  ./MemoryFree.o
__init                                            c:/winavr-20100110/bin/../lib/gcc/avr/4.3.3/../../../../avr/lib/avr5/crtm328p.o
__lesf2                                           c:/winavr-20100110/bin/../lib/gcc/avr/4.3.3/avr5\libgcc.a(_le_sf.o)
                                                  C:\Users\Thiago\sourceCodes1\arduino_core\328P_16MHz\libarduino_core.a(Print.o)
__ltsf2                                           c:/winavr-20100110/bin/../lib/gcc/avr/4.3.3/avr5\libgcc.a(_lt_sf.o)
                                                  C:\Users\Thiago\sourceCodes1\arduino_core\328P_16MHz\libarduino_core.a(Print.o)
                                                  ./main.o
__malloc_heap_end                                 C:\Users\Thiago\sourceCodes1\arduino_core\328P_16MHz\libarduino_core.a(malloc.o)
__malloc_heap_start                               C:\Users\Thiago\sourceCodes1\arduino_core\328P_16MHz\libarduino_core.a(malloc.o)
__malloc_margin                                   C:\Users\Thiago\sourceCodes1\arduino_core\328P_16MHz\libarduino_core.a(malloc.o)
__mulhi_const_10                                  c:/winavr-20100110/bin/../lib/gcc/avr/4.3.3/../../../../avr/lib/avr5\libc.a(mul10.o)
                                                  c:/winavr-20100110/bin/../lib/gcc/avr/4.3.3/../../../../avr/lib/avr5\libc.a(atoi.o)
__mulsf3                                          c:/winavr-20100110/bin/../lib/gcc/avr/4.3.3/avr5\libgcc.a(_mul_sf.o)
                                                  C:\Users\Thiago\sourceCodes1\arduino_core\328P_16MHz\libarduino_core.a(Print.o)
                                                  ./main.o
__mulsi3                                          c:/winavr-20100110/bin/../lib/gcc/avr/4.3.3/avr5\libgcc.a(_mulsi3.o)
                                                  C:\Users\Thiago\sourceCodes1\arduino_core\328P_16MHz\libarduino_core.a(Print.o)
                                                  ./Time.o
__pack_f                                          c:/winavr-20100110/bin/../lib/gcc/avr/4.3.3/avr5\libgcc.a(_pack_sf.o)
                                                  c:/winavr-20100110/bin/../lib/gcc/avr/4.3.3/avr5\libgcc.a(_usi_to_sf.o)
                                                  c:/winavr-20100110/bin/../lib/gcc/avr/4.3.3/avr5\libgcc.a(_si_to_sf.o)
                                                  c:/winavr-20100110/bin/../lib/gcc/avr/4.3.3/avr5\libgcc.a(_div_sf.o)
                                                  c:/winavr-20100110/bin/../lib/gcc/avr/4.3.3/avr5\libgcc.a(_mul_sf.o)
                                                  c:/winavr-20100110/bin/../lib/gcc/avr/4.3.3/avr5\libgcc.a(_addsub_sf.o)
__prologue_saves__                                c:/winavr-20100110/bin/../lib/gcc/avr/4.3.3/avr5\libgcc.a(_prologue.o)
                                                  c:/winavr-20100110/bin/../lib/gcc/avr/4.3.3/../../../../avr/lib/avr5\libc.a(vfprintf_std.o)
                                                  c:/winavr-20100110/bin/../lib/gcc/avr/4.3.3/../../../../avr/lib/avr5\libc.a(sprintf.o)
                                                  c:/winavr-20100110/bin/../lib/gcc/avr/4.3.3/avr5\libgcc.a(_usi_to_sf.o)
                                                  c:/winavr-20100110/bin/../lib/gcc/avr/4.3.3/avr5\libgcc.a(_sf_to_si.o)
                                                  c:/winavr-20100110/bin/../lib/gcc/avr/4.3.3/avr5\libgcc.a(_si_to_sf.o)
                                                  c:/winavr-20100110/bin/../lib/gcc/avr/4.3.3/avr5\libgcc.a(_unord_sf.o)
                                                  c:/winavr-20100110/bin/../lib/gcc/avr/4.3.3/avr5\libgcc.a(_le_sf.o)
                                                  c:/winavr-20100110/bin/../lib/gcc/avr/4.3.3/avr5\libgcc.a(_lt_sf.o)
                                                  c:/winavr-20100110/bin/../lib/gcc/avr/4.3.3/avr5\libgcc.a(_ge_sf.o)
                                                  c:/winavr-20100110/bin/../lib/gcc/avr/4.3.3/avr5\libgcc.a(_gt_sf.o)
                                                  c:/winavr-20100110/bin/../lib/gcc/avr/4.3.3/avr5\libgcc.a(_div_sf.o)
                                                  c:/winavr-20100110/bin/../lib/gcc/avr/4.3.3/avr5\libgcc.a(_mul_sf.o)
                                                  c:/winavr-20100110/bin/../lib/gcc/avr/4.3.3/avr5\libgcc.a(_addsub_sf.o)
__stack                                           c:/winavr-20100110/bin/../lib/gcc/avr/4.3.3/../../../../avr/lib/avr5/crtm328p.o
__subsf3                                          c:/winavr-20100110/bin/../lib/gcc/avr/4.3.3/avr5\libgcc.a(_addsub_sf.o)
                                                  c:/winavr-20100110/bin/../lib/gcc/avr/4.3.3/avr5\libgcc.a(_fixunssfsi.o)
                                                  C:\Users\Thiago\sourceCodes1\arduino_core\328P_16MHz\libarduino_core.a(Print.o)
                                                  ./main.o
__tablejump2__                                    c:/winavr-20100110/bin/../lib/gcc/avr/4.3.3/avr5\libgcc.a(_tablejump.o)
__tablejump__                                     c:/winavr-20100110/bin/../lib/gcc/avr/4.3.3/avr5\libgcc.a(_tablejump.o)
                                                  c:/winavr-20100110/bin/../lib/gcc/avr/4.3.3/avr5\libgcc.a(_ctors.o)
__thenan_sf                                       c:/winavr-20100110/bin/../lib/gcc/avr/4.3.3/avr5\libgcc.a(_thenan_sf.o)
                                                  c:/winavr-20100110/bin/../lib/gcc/avr/4.3.3/avr5\libgcc.a(_div_sf.o)
                                                  c:/winavr-20100110/bin/../lib/gcc/avr/4.3.3/avr5\libgcc.a(_mul_sf.o)
                                                  c:/winavr-20100110/bin/../lib/gcc/avr/4.3.3/avr5\libgcc.a(_addsub_sf.o)
__udivmodhi4                                      c:/winavr-20100110/bin/../lib/gcc/avr/4.3.3/avr5\libgcc.a(_udivmodhi4.o)
                                                  c:/winavr-20100110/bin/../lib/gcc/avr/4.3.3/avr5\libgcc.a(_divmodhi4.o)
__udivmodqi4                                      c:/winavr-20100110/bin/../lib/gcc/avr/4.3.3/avr5\libgcc.a(_udivmodqi4.o)
                                                  ./DS1307RTC.o
__udivmodsi4                                      c:/winavr-20100110/bin/../lib/gcc/avr/4.3.3/avr5\libgcc.a(_udivmodsi4.o)
                                                  C:\Users\Thiago\sourceCodes1\arduino_core\328P_16MHz\libarduino_core.a(Print.o)
                                                  C:\Users\Thiago\sourceCodes1\arduino_core\328P_16MHz\libarduino_core.a(HardwareSerial.o)
                                                  ./Time.o
__ultoa_invert                                    c:/winavr-20100110/bin/../lib/gcc/avr/4.3.3/../../../../avr/lib/avr5\libc.a(ultoa_invert.o)
                                                  c:/winavr-20100110/bin/../lib/gcc/avr/4.3.3/../../../../avr/lib/avr5\libc.a(vfprintf_std.o)
__unordsf2                                        c:/winavr-20100110/bin/../lib/gcc/avr/4.3.3/avr5\libgcc.a(_unord_sf.o)
                                                  C:\Users\Thiago\sourceCodes1\arduino_core\328P_16MHz\libarduino_core.a(Print.o)
__unpack_f                                        c:/winavr-20100110/bin/../lib/gcc/avr/4.3.3/avr5\libgcc.a(_unpack_sf.o)
                                                  c:/winavr-20100110/bin/../lib/gcc/avr/4.3.3/avr5\libgcc.a(_sf_to_si.o)
                                                  c:/winavr-20100110/bin/../lib/gcc/avr/4.3.3/avr5\libgcc.a(_unord_sf.o)
                                                  c:/winavr-20100110/bin/../lib/gcc/avr/4.3.3/avr5\libgcc.a(_le_sf.o)
                                                  c:/winavr-20100110/bin/../lib/gcc/avr/4.3.3/avr5\libgcc.a(_lt_sf.o)
                                                  c:/winavr-20100110/bin/../lib/gcc/avr/4.3.3/avr5\libgcc.a(_ge_sf.o)
                                                  c:/winavr-20100110/bin/../lib/gcc/avr/4.3.3/avr5\libgcc.a(_gt_sf.o)
                                                  c:/winavr-20100110/bin/../lib/gcc/avr/4.3.3/avr5\libgcc.a(_div_sf.o)
                                                  c:/winavr-20100110/bin/../lib/gcc/avr/4.3.3/avr5\libgcc.a(_mul_sf.o)
                                                  c:/winavr-20100110/bin/../lib/gcc/avr/4.3.3/avr5\libgcc.a(_addsub_sf.o)
__vector_1                                        c:/winavr-20100110/bin/../lib/gcc/avr/4.3.3/../../../../avr/lib/avr5/crtm328p.o
__vector_10                                       c:/winavr-20100110/bin/../lib/gcc/avr/4.3.3/../../../../avr/lib/avr5/crtm328p.o
__vector_11                                       ./main.o
                                                  c:/winavr-20100110/bin/../lib/gcc/avr/4.3.3/../../../../avr/lib/avr5/crtm328p.o
__vector_12                                       c:/winavr-20100110/bin/../lib/gcc/avr/4.3.3/../../../../avr/lib/avr5/crtm328p.o
__vector_13                                       c:/winavr-20100110/bin/../lib/gcc/avr/4.3.3/../../../../avr/lib/avr5/crtm328p.o
__vector_14                                       c:/winavr-20100110/bin/../lib/gcc/avr/4.3.3/../../../../avr/lib/avr5/crtm328p.o
__vector_15                                       c:/winavr-20100110/bin/../lib/gcc/avr/4.3.3/../../../../avr/lib/avr5/crtm328p.o
__vector_16                                       C:\Users\Thiago\sourceCodes1\arduino_core\328P_16MHz\libarduino_core.a(wiring.o)
                                                  c:/winavr-20100110/bin/../lib/gcc/avr/4.3.3/../../../../avr/lib/avr5/crtm328p.o
__vector_17                                       c:/winavr-20100110/bin/../lib/gcc/avr/4.3.3/../../../../avr/lib/avr5/crtm328p.o
__vector_18                                       C:\Users\Thiago\sourceCodes1\arduino_core\328P_16MHz\libarduino_core.a(HardwareSerial.o)
                                                  c:/winavr-20100110/bin/../lib/gcc/avr/4.3.3/../../../../avr/lib/avr5/crtm328p.o
__vector_19                                       C:\Users\Thiago\sourceCodes1\arduino_core\328P_16MHz\libarduino_core.a(HardwareSerial.o)
                                                  c:/winavr-20100110/bin/../lib/gcc/avr/4.3.3/../../../../avr/lib/avr5/crtm328p.o
__vector_2                                        c:/winavr-20100110/bin/../lib/gcc/avr/4.3.3/../../../../avr/lib/avr5/crtm328p.o
__vector_20                                       c:/winavr-20100110/bin/../lib/gcc/avr/4.3.3/../../../../avr/lib/avr5/crtm328p.o
__vector_21                                       c:/winavr-20100110/bin/../lib/gcc/avr/4.3.3/../../../../avr/lib/avr5/crtm328p.o
__vector_22                                       c:/winavr-20100110/bin/../lib/gcc/avr/4.3.3/../../../../avr/lib/avr5/crtm328p.o
__vector_23                                       c:/winavr-20100110/bin/../lib/gcc/avr/4.3.3/../../../../avr/lib/avr5/crtm328p.o
__vector_24                                       ./twi.o
                                                  c:/winavr-20100110/bin/../lib/gcc/avr/4.3.3/../../../../avr/lib/avr5/crtm328p.o
__vector_25                                       c:/winavr-20100110/bin/../lib/gcc/avr/4.3.3/../../../../avr/lib/avr5/crtm328p.o
__vector_3                                        c:/winavr-20100110/bin/../lib/gcc/avr/4.3.3/../../../../avr/lib/avr5/crtm328p.o
__vector_4                                        c:/winavr-20100110/bin/../lib/gcc/avr/4.3.3/../../../../avr/lib/avr5/crtm328p.o
__vector_5                                        c:/winavr-20100110/bin/../lib/gcc/avr/4.3.3/../../../../avr/lib/avr5/crtm328p.o
__vector_6                                        c:/winavr-20100110/bin/../lib/gcc/avr/4.3.3/../../../../avr/lib/avr5/crtm328p.o
__vector_7                                        c:/winavr-20100110/bin/../lib/gcc/avr/4.3.3/../../../../avr/lib/avr5/crtm328p.o
__vector_8                                        c:/winavr-20100110/bin/../lib/gcc/avr/4.3.3/../../../../avr/lib/avr5/crtm328p.o
__vector_9                                        c:/winavr-20100110/bin/../lib/gcc/avr/4.3.3/../../../../avr/lib/avr5/crtm328p.o
__vector_default                                  c:/winavr-20100110/bin/../lib/gcc/avr/4.3.3/../../../../avr/lib/avr5/crtm328p.o